54.36.149.41 - - [22/Jan/2019:03:56:14 +0330] "GET /filter/27|13%20%D9%85%DA%AF%D8%A7%D9%BE%DB%8C%DA%A9%D8%B3%D9%84,27|%DA%A9%D9%85%D8%AA%D8%B1%20%D8%A7%D8%B2%205%20%D9%85%DA%AF%D8%A7%D9%BE%DB%8C%DA%A9%D8%B3%D9%84,p53 HTTP/1.1" 200 30577 "-" "Mozilla/5.0 (compatible; AhrefsBot/6.1; +http://ahrefs.com/robot/)" "-"
31.56.96.51 - - [22/Jan/2019:03:56:16 +0330] "GET /image/60844/productModel/200x200 HTTP/1.1" 200 5667 "https://www.zanbil.ir/m/filter/b113" "Mozilla/5.0 (Linux; Android 6.0; ALE-L21 Build/HuaweiALE-L21) AppleWebKit/537.36 (KHTML, like Gecko) Chrome/66.0.3359.158 Mobile Safari/537.36" "-"
31.56.96.51 - - [22/Jan/2019:03:56:16 +0330] "GET /image/61474/productModel/200x200 HTTP/1.1" 200 5379 "https://www.zanbil.ir/m/filter/b113" "Mozilla/5.0 (Linux; Android 6.0; ALE-L21 Build/HuaweiALE-L21) AppleWebKit/537.36 (KHTML, like Gecko) Chrome/66.0.3359.158 Mobile Safari/537.36" "-"
40.77.167.129 - - [22/Jan/2019:03:56:17 +0330] "GET /image/14925/productModel/100x100 HTTP/1.1" 200 1696 "-" "Mozilla/5.0 (compatible; bingbot/2.0; +http://www.bing.com/bingbot.htm)" "-"
91.99.72.15 - - [22/Jan/2019:03:56:17 +0330] "GET /product/31893/62100/%D8%B3%D8%B4%D9%88%D8%A7%D8%B1-%D8%AE%D8%A7%D9%86%DA%AF%DB%8C-%D9%BE%D8%B1%D9%86%D8%B3%D9%84%DB%8C-%D9%85%D8%AF%D9%84-PR257AT HTTP/1.1" 200 41483 "-" "Mozilla/5.0 (Windows NT 6.2; Win64; x64; rv:16.0)Gecko/16.0 Firefox/16.0" "-"
40.77.167.129 - - [22/Jan/2019:03:56:17 +0330] "GET /image/23488/productModel/150x150 HTTP/1.1" 200 2654 "-" "Mozilla/5.0 (compatible; bingbot/2.0; +http://www.bing.com/bingbot.htm)" "-"
40.77.167.129 - - [22/Jan/2019:03:56:18 +0330] "GET /image/45437/productModel/150x150 HTTP/1.1" 200 3688 "-" "Mozilla/5.0 (compatible; bingbot/2.0; +http://www.bing.com/bingbot.htm)" "-"
40.77.167.129 - - [22/Jan/2019:03:56:18 +0330] "GET /image/576/article/100x100 HTTP/1.1" 200 14776 "-" "Mozilla/5.0 (compatible; bingbot/2.0; +http://www.bing.com/bingbot.htm)" "-"
66.249.66.194 - - [22/Jan/2019:03:56:18 +0330] "GET /filter/b41,b665,c150%7C%D8%A8%D8%AE%D8%A7%D8%B1%D9%BE%D8%B2,p56 HTTP/1.1" 200 34277 "-" "Mozilla/5.0 (compatible; Googlebot/2.1; +http://www.google.com/bot.html)" "-"
40.77.167.129 - - [22/Jan/2019:03:56:18 +0330] "GET /image/57710/productModel/100x100 HTTP/1.1" 200 1695 "-" "Mozilla/5.0 (compatible; bingbot/2.0; +http://www.bing.com/bingbot.htm)" "-"
207.46.13.136 - - [22/Jan/2019:03:56:18 +0330] "GET /product/10214 HTTP/1.1" 200 39677 "-" "Mozilla/5.0 (compatible; bingbot/2.0; +http://www.bing.com/bingbot.htm)" "-"
40.77.167.129 - - [22/Jan/2019:03:56:19 +0330] "GET /image/578/article/100x100 HTTP/1.1" 200 9831 "-" "Mozilla/5.0 (compatible; bingbot/2.0; +http://www.bing.com/bingbot.htm)" "-"
178.253.33.51 - - [22/Jan/2019:03:56:19 +0330] "GET /m/product/32574/62991/%D9%85%D8%A7%D8%B4%DB%8C%D9%86-%D8%A7%D8%B5%D9%84%D8%A7%D8%AD-%D8%B5%D9%88%D8%B1%D8%AA-%D9%BE%D8%B1%D9%86%D8%B3%D9%84%DB%8C-%D9%85%D8%AF%D9%84-PR465AT HTTP/1.1" 200 20406 "https://www.zanbil.ir/m/filter/p5767%2Ct156?name=%D9%85%D8%A7%D8%B4%DB%8C%D9%86-%D8%A7%D8%B5%D9%84%D8%A7%D8%AD&productType=electric-shavers" "Mozilla/5.0 (Linux; Android 5.1; HTC Desire 728 dual sim) AppleWebKit/537.36 (KHTML, like Gecko) Chrome/71.0.3578.83 Mobile Safari/537.36" "-"
40.77.167.129 - - [22/Jan/2019:03:56:19 +0330] "GET /image/6229/productModel/100x100 HTTP/1.1" 200 1796 "-" "Mozilla/5.0 (compatible; bingbot/2.0; +http://www.bing.com/bingbot.htm)" "-"
91.99.72.15 - - [22/Jan/2019:03:56:19 +0330] "GET /product/10075/13903/%D9%85%D8%A7%DB%8C%DA%A9%D8%B1%D9%88%D9%81%D8%B1-%D8%B1%D9%88%D9%85%DB%8C%D8%B2%DB%8C-%D8%B3%D8%A7%D9%85%D8%B3%D9%88%D9%86%DA%AF-%D9%85%D8%AF%D9%84-CE288 HTTP/1.1" 200 41725 "-" "Mozilla/5.0 (X11; Linux x86_64) AppleWebKit/537.36 (KHTML, like Gecko) Chrome/53.0.2785.92 Safari/537.36" "-"
40.77.167.129 - - [22/Jan/2019:03:56:19 +0330] "GET /image/6229/productModel/150x150 HTTP/1.1" 200 2739 "-" "Mozilla/5.0 (compatible; bingbot/2.0; +http://www.bing.com/bingbot.htm)" "-"
207.46.13.136 - - [22/Jan/2019:03:56:19 +0330] "GET /product/14926 HTTP/1.1" 404 33617 "-" "Mozilla/5.0 (compatible; bingbot/2.0; +http://www.bing.com/bingbot.htm)" "-"
40.77.167.129 - - [22/Jan/2019:03:56:19 +0330] "GET /image/6248/productModel/150x150 HTTP/1.1" 200 2788 "-" "Mozilla/5.0 (compatible; bingbot/2.0; +http://www.bing.com/bingbot.htm)" "-"
40.77.167.129 - - [22/Jan/2019:03:56:20 +0330] "GET /image/64815/productModel/150x150 HTTP/1.1" 200 3481 "-" "Mozilla/5.0 (compatible; bingbot/2.0; +http://www.bing.com/bingbot.htm)" "-"
66.249.66.91 - - [22/Jan/2019:04:03:56 +0330] "GET /image/9916?name=556666.jpg&wh=200x200 HTTP/1.1" 200 2463 "-" "Googlebot-Image/1.0" "-"
5.235.30.67 - - [22/Jan/2019:04:03:56 +0330] "GET /image/18342/productType/240x180 HTTP/1.1" 200 16983 "https://www.zanbil.ir/m/browse/home-appliances/%D9%84%D9%88%D8%A7%D8%B2%D9%85-%D8%AE%D8%A7%D9%86%DA%AF%DB%8C" "Mozilla/5.0 (Linux; Android 6.0.1; SAMSUNG SM-J500H Build/MMB29M) AppleWebKit/537.36 (KHTML, like Gecko) SamsungBrowser/4.0 Chrome/44.0.2403.133 Mobile Safari/537.36" "-"
66.249.66.194 - - [22/Jan/2019:04:03:57 +0330] "GET /product/27139 HTTP/1.1" 200 42078 "-" "Mozilla/5.0 (compatible; Googlebot/2.1; +http://www.google.com/bot.html)" "-"
5.235.30.67 - - [22/Jan/2019:04:03:57 +0330] "GET /image/1218/mainSlideMobile HTTP/1.1" 200 68123 "https://www.zanbil.ir/m/browse/home-appliances/%D9%84%D9%88%D8%A7%D8%B2%D9%85-%D8%AE%D8%A7%D9%86%DA%AF%DB%8C" "Mozilla/5.0 (Linux; Android 6.0.1; SAMSUNG SM-J500H Build/MMB29M) AppleWebKit/537.36 (KHTML, like Gecko) SamsungBrowser/4.0 Chrome/44.0.2403.133 Mobile Safari/537.36" "-"
66.249.66.194 - - [22/Jan/2019:04:03:57 +0330] "GET /m/filter/b103,b126,b135,b143,b147,b152,b168,b183,b185,b186,b19,b192,b194,b198,b2,b203,b213,b215,b22,b224,b238,b256,b261,b3,b308,b321,b35,b36,b41,b43,b435,b441,b442,b484,b485,b497,b5,b523,b542,b548,b568,b570,b573,b574,b584,b598,b603,b613,b614,b615,b619,b63,b647,b656,b723,b724,b74,b80,b88,b880,b883,b903,b904,b95,stexists HTTP/1.1" 200 27680 "-" "Mozilla/5.0 (Linux; Android 6.0.1; Nexus 5X Build/MMB29P) AppleWebKit/537.36 (KHTML, like Gecko) Chrome/41.0.2272.96 Mobile Safari/537.36 (compatible; Googlebot/2.1; +http://www.google.com/bot.html)" "-"
207.46.13.104 - - [22/Jan/2019:04:03:58 +0330] "GET /image/29184?name=42alu-silver-sport-4.jpg&wh=max HTTP/1.1" 200 23420 "-" "Mozilla/5.0 (compatible; bingbot/2.0; +http://www.bing.com/bingbot.htm)" "-"
54.36.149.80 - - [22/Jan/2019:04:03:58 +0330] "GET /filter/p5686%2Cv1%7C%D8%B3%D9%81%DB%8C%D8%AF%20%D9%85%D8%B3%DB%8C%2Cv1%7C%D8%B3%D9%81%DB%8C%D8%AF. HTTP/1.1" 200 32492 "-" "Mozilla/5.0 (compatible; AhrefsBot/6.1; +http://ahrefs.com/robot/)" "-"
5.235.30.67 - - [22/Jan/2019:04:03:58 +0330] "GET /image/1178/mainSlideMobile HTTP/1.1" 200 63043 "https://www.zanbil.ir/m/browse/home-appliances/%D9%84%D9%88%D8%A7%D8%B2%D9%85-%D8%AE%D8%A7%D9%86%DA%AF%DB%8C" "Mozilla/5.0 (Linux; Android 6.0.1; SAMSUNG SM-J500H Build/MMB29M) AppleWebKit/537.36 (KHTML, like Gecko) SamsungBrowser/4.0 Chrome/44.0.2403.133 Mobile Safari/537.36" "-"
5.235.30.67 - - [22/Jan/2019:04:03:59 +0330] "GET /image/1176/mainSlideMobile HTTP/1.1" 200 106246 "https://www.zanbil.ir/m/browse/home-appliances/%D9%84%D9%88%D8%A7%D8%B2%D9%85-%D8%AE%D8%A7%D9%86%DA%AF%DB%8C" "Mozilla/5.0 (Linux; Android 6.0.1; SAMSUNG SM-J500H Build/MMB29M) AppleWebKit/537.36 (KHTML, like Gecko) SamsungBrowser/4.0 Chrome/44.0.2403.133 Mobile Safari/537.36" "-"
66.249.66.195 - - [22/Jan/2019:04:04:01 +0330] "GET /product/20584 HTTP/1.1" 301 178 "-" "Mozilla/5.0 (Linux; Android 6.0.1; Nexus 5X Build/MMB29P) AppleWebKit/537.36 (KHTML, like Gecko) Chrome/41.0.2272.96 Mobile Safari/537.36 (compatible; Googlebot/2.1; +http://www.google.com/bot.html)" "-"
5.235.30.67 - - [22/Jan/2019:04:04:01 +0330] "GET /favicon.ico HTTP/1.1" 200 0 "https://www.zanbil.ir/m/browse/home-appliances/%D9%84%D9%88%D8%A7%D8%B2%D9%85-%D8%AE%D8%A7%D9%86%DA%AF%DB%8C" "Mozilla/5.0 (Linux; Android 6.0.1; SAMSUNG SM-J500H Build/MMB29M) AppleWebKit/537.36 (KHTML, like Gecko) SamsungBrowser/4.0 Chrome/44.0.2403.133 Mobile Safari/537.36" "-"
66.111.54.249 - - [22/Jan/2019:04:04:01 +0330] "GET /image/61784/productModel/150x150 HTTP/1.1" 200 1694 "https://www.zanbil.ir/m/product/27677/56223/%DB%8C%D8%AE%DA%86%D8%A7%D9%84-%D9%81%D8%B1%DB%8C%D8%B2%D8%B1-%D9%81%D8%B1%DB%8C%D8%B2%D8%B1-%D9%BE%D8%A7%DB%8C%DB%8C%D9%86-%D8%A8%D9%88%D8%B4-%D9%85%D8%AF%D9%84-KGN56LB304" "Mozilla/5.0 (Linux; Android 5.0; SM-G900H Build/LRX21T) AppleWebKit/537.36 (KHTML, like Gecko) Chrome/39.0.2171.93 Mobile Safari/537.36" "-"
66.249.66.194 - - [22/Jan/2019:04:04:01 +0330] "GET /m/filter/b126,b148,b183,b186,b20,b212,b213,b221,b224,b249,b3,b32,b484,b485,b523,b542,b613,b63,b67,b724,b734,b820,b874,b95,b99 HTTP/1.1" 200 24753 "-" "Mozilla/5.0 (Linux; Android 6.0.1; Nexus 5X Build/MMB29P) AppleWebKit/537.36 (KHTML, like Gecko) Chrome/41.0.2272.96 Mobile Safari/537.36 (compatible; Googlebot/2.1; +http://www.google.com/bot.html)" "-"
66.249.66.194 - - [22/Jan/2019:04:04:01 +0330] "GET /product/20584 HTTP/1.1" 302 0 "-" "Mozilla/5.0 (Linux; Android 6.0.1; Nexus 5X Build/MMB29P) AppleWebKit/537.36 (KHTML, like Gecko) Chrome/41.0.2272.96 Mobile Safari/537.36 (compatible; Googlebot/2.1; +http://www.google.com/bot.html)" "-"
66.249.66.194 - - [22/Jan/2019:04:04:02 +0330] "GET /m/product/20584 HTTP/1.1" 404 33610 "-" "Mozilla/5.0 (Linux; Android 6.0.1; Nexus 5X Build/MMB29P) AppleWebKit/537.36 (KHTML, like Gecko) Chrome/41.0.2272.96 Mobile Safari/537.36 (compatible; Googlebot/2.1; +http://www.google.com/bot.html)" "-"
66.249.66.91 - - [22/Jan/2019:04:04:02 +0330] "GET /filter/b481%2Cb43%2Cb874%2Cb32%2Cb67%2Cb36%2Cb226%2Cb41%2Cb136%2Cb570%2Cb615%2Cb168%2Cb648%2Cb148%2Cb80%2Cb213%2Cb597%2Cb724%2Cb613%2Cb5%2Cb135%2Cb877%2Cb183%2Cb497%2Cb435%2Cb194%2Cb1%2Cb861%2Cb256%2Cb854%2Cb198%2Cb656%2Cb647%2Cb679%2Cb3%2Cb202%2Cb20%2Cb542%2Cb723%2Cb482%2Cb212%2Cb573%2Cb441%2Cb35%2Cb546%2Cb400%2Cb879%2Cb8%2Cb151%2Cb485%2Cb219%2Cb238?page=5 HTTP/1.1" 200 40177 "-" "Mozilla/5.0 (compatible; Googlebot/2.1; +http://www.google.com/bot.html)" "-"
66.111.54.249 - - [22/Jan/2019:04:04:03 +0330] "GET /m/product/27684/56228/%DB%8C%D8%AE%DA%86%D8%A7%D9%84-%D9%81%D8%B1%DB%8C%D8%B2%D8%B1-%D9%81%D8%B1%DB%8C%D8%B2%D8%B1-%D9%BE%D8%A7%DB%8C%DB%8C%D9%86-%D8%A8%D9%88%D8%B4-%D9%85%D8%AF%D9%84-KGD57PI204 HTTP/1.1" 200 22043 "https://www.zanbil.ir/m/product/27677/56223/%DB%8C%D8%AE%DA%86%D8%A7%D9%84-%D9%81%D8%B1%DB%8C%D8%B2%D8%B1-%D9%81%D8%B1%DB%8C%D8%B2%D8%B1-%D9%BE%D8%A7%DB%8C%DB%8C%D9%86-%D8%A8%D9%88%D8%B4-%D9%85%D8%AF%D9%84-KGN56LB304" "Mozilla/5.0 (Linux; Android 5.0; SM-G900H Build/LRX21T) AppleWebKit/537.36 (KHTML, like Gecko) Chrome/39.0.2171.93 Mobile Safari/537.36" "-"
5.211.32.40 - - [22/Jan/2019:04:04:03 +0330] "GET /image/27169?name=gfghfhfhffhgghgvh.jpg&wh=200x200 HTTP/1.1" 200 4763 "-" "Dalvik/2.1.0 (Linux; U; Android 8.0.0; SM-A520F Build/R16NW)" "-"
66.249.66.91 - - [22/Jan/2019:04:04:03 +0330] "GET /filter/b656%2Cb703%2Cb32%2Cb67%2Cb226%2Cb41%2Cb598%2Cb168%2Cb723%2Cb597%2Cb88%2Cb548%2Cb6%2Cb679%2Cb215%2Cb105%2Cb194%2Cb74%2Cb542%2Cb35%2Cb113%2Cb820%2Cb574%2Cb442%2Cb880%2Cb645%2Cb724%2Cb118%2Cb482%2Cb400%2Cb95%2Cb135%2Cb249%2Cb221%2Cb523%2Cb854%2Cb126%2Cstexists%2Cb216%2Cb217%2Cb152%2Cb99%2Cb188%2Cb209%2Cb192%2Cb213%2Cb136%2Cb218%2Cb4%2Cb648%2Cb454%2Cb147%2Cb258%2Cb883?page=54 HTTP/1.1" 200 38587 "-" "Mozilla/5.0 (compatible; Googlebot/2.1; +http://www.google.com/bot.html)" "-"
51.15.15.54 - - [22/Jan/2019:04:04:06 +0330] "GET /blog/digital-supplies/computer-and-accessories/modem/ HTTP/1.1" 200 20670 "-" "Barkrowler/0.9 (+http://www.exensa.com/crawl)" "-"
207.46.13.136 - - [22/Jan/2019:04:04:07 +0330] "GET /customer/register?forwardUri=%2Ffilter%2Fp38%2Cb132 HTTP/1.1" 200 35704 "-" "Mozilla/5.0 (compatible; bingbot/2.0; +http://www.bing.com/bingbot.htm)" "-"
172.20.2.174 - - [22/Jan/2019:04:04:07 +0330] "GET /site/ping HTTP/1.1" 200 4 "-" "-" "-"
66.249.66.91 - - [22/Jan/2019:04:04:07 +0330] "GET /filter/b481%2Cb874%2Cb226%2Cb570%2Cb598%2Cstexists%2Cb880%2Cb270%2Cb883%2Cb99%2Cb261%2Cb249%2Cb20%2Cb701%2Cb42%2Cb879%2Cb548%2Cb183%2Cb88%2Cb308%2Cb103%2Cb1%2Cb126%2Cb523%2Cb900%2Cb192%2Cb188%2Cb703%2Cb890%2Cb148%2Cb256%2Cb454%2Cb651%2Cb41%2Cb647%2Cb22%2Cb613%2Cb6%2Cb221%2Cb36%2Cb614%2Cb3%2Cb216%2Cb218%2Cb136%2Cb573%2Cb151%2Cb185%2Cb32%2Cb441%2Cb143%2Cb648%2Cb203%2Cb877%2Cb209%2Cb231%2Cb485%2Cb147%2Cb484?page=1 HTTP/1.1" 200 41495 "-" "Mozilla/5.0 (compatible; Googlebot/2.1; +http://www.google.com/bot.html)" "-"
66.249.66.194 - - [22/Jan/2019:04:04:07 +0330] "GET /product/33889/64620/%DB%8C%D8%AE%DA%86%D8%A7%D9%84-%D9%81%D8%B1%DB%8C%D8%B2%D8%B1-%D8%B3%D8%A7%DB%8C%D8%AF-%D8%A8%D8%A7%DB%8C-%D8%B3%D8%A7%DB%8C%D8%AF-%D8%AF%D9%88%D9%88-%D9%85%D8%AF%D9%84-D2S-3033SS HTTP/1.1" 200 44008 "-" "Mozilla/5.0 (compatible; Googlebot/2.1; +http://www.google.com/bot.html)" "-"
5.235.30.67 - - [22/Jan/2019:04:04:08 +0330] "GET /static/images/amp/instagram.png HTTP/1.1" 200 7146 "https://www.zanbil.ir/m/browse/home-appliances/%D9%84%D9%88%D8%A7%D8%B2%D9%85-%D8%AE%D8%A7%D9%86%DA%AF%DB%8C" "Mozilla/5.0 (Linux; Android 6.0.1; SAMSUNG SM-J500H Build/MMB29M) AppleWebKit/537.36 (KHTML, like Gecko) SamsungBrowser/4.0 Chrome/44.0.2403.133 Mobile Safari/537.36" "-"
5.235.30.67 - - [22/Jan/2019:04:04:08 +0330] "GET /static/images/amp/telegram.png HTTP/1.1" 200 4859 "https://www.zanbil.ir/m/browse/home-appliances/%D9%84%D9%88%D8%A7%D8%B2%D9%85-%D8%AE%D8%A7%D9%86%DA%AF%DB%8C" "Mozilla/5.0 (Linux; Android 6.0.1; SAMSUNG SM-J500H Build/MMB29M) AppleWebKit/537.36 (KHTML, like Gecko) SamsungBrowser/4.0 Chrome/44.0.2403.133 Mobile Safari/537.36" "-"
5.235.30.67 - - [22/Jan/2019:04:04:08 +0330] "GET /static/images/amp/blog.png HTTP/1.1" 200 3863 "https://www.zanbil.ir/m/browse/home-appliances/%D9%84%D9%88%D8%A7%D8%B2%D9%85-%D8%AE%D8%A7%D9%86%DA%AF%DB%8C" "Mozilla/5.0 (Linux; Android 6.0.1; SAMSUNG SM-J500H Build/MMB29M) AppleWebKit/537.36 (KHTML, like Gecko) SamsungBrowser/4.0 Chrome/44.0.2403.133 Mobile Safari/537.36" "-"
5.123.174.57 - - [22/Jan/2019:04:04:08 +0330] "GET /image/32593?name=kachiran-roz210%2B.jpg&wh=200x200 HTTP/1.1" 200 4484 "-" "Dalvik/2.1.0 (Linux; U; Android 8.1.0; SM-J710F Build/M1AJQ)" "-"
207.46.13.136 - - [22/Jan/2019:04:04:08 +0330] "GET /filter?f=b126%2Cb52%2Cb19%2Cb125 HTTP/1.1" 200 35898 "-" "Mozilla/5.0 (compatible; bingbot/2.0; +http://www.bing.com/bingbot.htm)" "-"
66.249.66.91 - - [22/Jan/2019:04:04:09 +0330] "GET /product/22368/47577/%D8%AF%DB%8C%D9%88%D8%A7%D9%86-%D8%AD%D8%A7%D9%81%D8%B8-%D8%A7%D9%86%D8%AA%D8%B4%D8%A7%D8%B1%D8%A7%D8%AA-%D9%87%D9%84%DB%8C%D8%A7-%D9%85%D8%AF%D9%84-%D9%88%D8%B2%D9%8A%D8%B1%D9%8A-%D8%AC%D8%B9%D8%A8%D9%87-%D8%AF%D8%A7%D8%B1-%DA%86%D8%B1%D9%85-%D8%A8%D8%B1%D8%AC%D8%B3%D8%AA%D9%87-%28%D9%81%D8%A7%D8%B1%D8%B3%D9%8A-%D8%A7%D9%86%DA%AF%D9%84%D9%8A%D8%B3%D9%8A%29 HTTP/1.1" 200 42801 "-" "Mozilla/5.0 (compatible; Googlebot/2.1; +http://www.google.com/bot.html)" "-"
5.235.30.67 - - [22/Jan/2019:04:04:09 +0330] "GET /static/images/amp/third-party/footer-mobile.png HTTP/1.1" 200 62894 "https://www.zanbil.ir/m/browse/home-appliances/%D9%84%D9%88%D8%A7%D8%B2%D9%85-%D8%AE%D8%A7%D9%86%DA%AF%DB%8C" "Mozilla/5.0 (Linux; Android 6.0.1; SAMSUNG SM-J500H Build/MMB29M) AppleWebKit/537.36 (KHTML, like Gecko) SamsungBrowser/4.0 Chrome/44.0.2403.133 Mobile Safari/537.36" "-"
66.249.66.91 - - [22/Jan/2019:04:04:09 +0330] "GET /filter/b481%2Cb874%2Cb32%2Cb67%2Cb36%2Cb226%2Cb41%2Cb136%2Cb570%2Cb598%2Cb180%2Cb615%2Cb168%2Cb648%2Cb103%2Cb213%2Cb597%2Cb724%2Cb613%2Cb135%2Cb877%2Cb183%2Cb497%2Cb435%2Cb194%2Cb1%2Cb861%2Cb256%2Cb854%2Cb198%2Cb647%2Cb679%2Cb88%2Cb441%2Cb6%2Cb880%2Cb221%2Cb645%2Cb219%2Cb224?page=141 HTTP/1.1" 200 38865 "-" "Mozilla/5.0 (compatible; Googlebot/2.1; +http://www.google.com/bot.html)" "-"
66.249.66.194 - - [22/Jan/2019:04:04:10 +0330] "GET /m/filter/b213,p3 HTTP/1.1" 200 19559 "-" "Mozilla/5.0 (Linux; Android 6.0.1; Nexus 5X Build/MMB29P) AppleWebKit/537.36 (KHTML, like Gecko) Chrome/41.0.2272.96 Mobile Safari/537.36 (compatible; Googlebot/2.1; +http://www.google.com/bot.html)" "-"
5.123.174.57 - - [22/Jan/2019:04:04:10 +0330] "GET /image/20123?name=janome-8200-w.jpg&wh=200x200 HTTP/1.1" 200 4407 "-" "Dalvik/2.1.0 (Linux; U; Android 8.1.0; SM-J710F Build/M1AJQ)" "-"
5.123.174.57 - - [22/Jan/2019:04:04:10 +0330] "GET /image/3565?name=code+1129.jpg&wh=200x200 HTTP/1.1" 200 5002 "-" "Dalvik/2.1.0 (Linux; U; Android 8.1.0; SM-J710F Build/M1AJQ)" "-"
207.46.13.136 - - [22/Jan/2019:04:04:10 +0330] "GET /filter/b157%2Cb180%2Cb221 HTTP/1.1" 200 36916 "-" "Mozilla/5.0 (compatible; bingbot/2.0; +http://www.bing.com/bingbot.htm)" "-"
5.123.174.57 - - [22/Jan/2019:04:04:10 +0330] "GET /image/31356?name=5000.jpg&wh=200x200 HTTP/1.1" 200 5362 "-" "Dalvik/2.1.0 (Linux; U; Android 8.1.0; SM-J710F Build/M1AJQ)" "-"
54.36.148.216 - - [22/Jan/2019:04:04:11 +0330] "GET /filter/b103,b180,b3,b878 HTTP/1.1" 200 37423 "-" "Mozilla/5.0 (compatible; AhrefsBot/6.1; +http://ahrefs.com/robot/)" "-"
66.249.66.194 - - [22/Jan/2019:04:04:11 +0330] "GET /search?f=p0&phrase=%D8%A7%D8%AA%D9%88%D9%85%D9%88%DB%8C+%D8%A7%D9%84%D9%88%DB%8C%D8%B1%D8%A7 HTTP/1.1" 404 33649 "-" "Mozilla/5.0 (compatible; Googlebot/2.1; +http://www.google.com/bot.html)" "-"
66.249.66.194 - - [22/Jan/2019:04:04:11 +0330] "GET /m/filter/b1,b103,b125,b126,b183,b186,b188,b192,b194,b198,b20,b202,b209,b215,b216,b218,b226,b231,b236,b238,b249,b256,b258,b261,b270,b3,b32,b35,b36,b41,b481,b50,b523,b542,b548,b570,b573,b596,b598,b6,b613,b619,b647,b651,b67,b701,b723,b74,b795,b874,b880,b882,b883,b890,b95,b99,stexists HTTP/1.1" 200 27189 "-" "Mozilla/5.0 (Linux; Android 6.0.1; Nexus 5X Build/MMB29P) AppleWebKit/537.36 (KHTML, like Gecko) Chrome/41.0.2272.96 Mobile Safari/537.36 (compatible; Googlebot/2.1; +http://www.google.com/bot.html)" "-"
207.46.13.104 - - [22/Jan/2019:04:04:12 +0330] "GET /filter/b1,b192,b254,b313,b36,b573 HTTP/1.1" 200 36665 "-" "Mozilla/5.0 (compatible; bingbot/2.0; +http://www.bing.com/bingbot.htm)" "-"
151.235.137.158 - - [22/Jan/2019:04:04:12 +0330] "GET /image/31028?name=huawei-y6-pro-1.jpg&wh=200x200 HTTP/1.1" 200 7353 "-" "Dalvik/2.1.0 (Linux; U; Android 5.1.1; SM-J500F Build/LMY48B)" "-"
5.212.96.243 - - [22/Jan/2019:04:04:12 +0330] "GET /image/33888?name=model-b2048u-1-.jpg&wh=200x200 HTTP/1.1" 200 3975 "-" "Dalvik/1.6.0 (Linux; U; Android 4.2.1; HUAWEI G700-U10 Build/HuaweiG700-U10)" "-"
66.249.66.91 - - [22/Jan/2019:04:04:13 +0330] "GET /image/51722/productModel/150x150 HTTP/1.1" 200 5704 "-" "Googlebot-Image/1.0" "-"
66.249.66.194 - - [22/Jan/2019:04:04:13 +0330] "GET /m/browse/electric-shavers/%D9%85%D8%A7%D8%B4%DB%8C%D9%86-%D8%A7%D8%B5%D9%84%D8%A7%D8%AD HTTP/1.1" 200 20765 "-" "Mozilla/5.0 (Linux; Android 6.0.1; Nexus 5X Build/MMB29P) AppleWebKit/537.36 (KHTML, like Gecko) Chrome/41.0.2272.96 Mobile Safari/537.36 (compatible; Googlebot/2.1; +http://www.google.com/bot.html)" "-"
91.99.72.15 - - [22/Jan/2019:04:04:14 +0330] "GET /product/10792/15485/%D8%A7%D8%AC%D8%A7%D9%82-%DA%AF%D8%A7%D8%B2-%D9%85%D8%A8%D9%84%D9%87-%D8%AF%D9%88%D9%88-%D9%85%D8%AF%D9%84-DGC-965DEW-90 HTTP/1.1" 404 32154 "-" "Mozilla/5.0 (Windows NT 6.2; Win64; x64; rv:16.0)Gecko/16.0 Firefox/16.0" "-"
66.249.66.194 - - [22/Jan/2019:04:04:14 +0330] "GET /m/browse/coffee-and-espresso-maker/%D9%82%D9%87%D9%88%D9%87-%D8%B3%D8%A7%D8%B2-%D9%88-%D8%A7%D8%B3%D9%BE%D8%B1%D8%B3%D9%88-%D8%B3%D8%A7%D8%B2 HTTP/1.1" 200 19111 "-" "Mozilla/5.0 (Linux; Android 6.0.1; Nexus 5X Build/MMB29P) AppleWebKit/537.36 (KHTML, like Gecko) Chrome/41.0.2272.96 Mobile Safari/537.36 (compatible; Googlebot/2.1; +http://www.google.com/bot.html)" "-"
66.249.66.194 - - [22/Jan/2019:04:04:15 +0330] "GET /blog/digital-supplies/%D8%A2%DB%8C%D9%81%D9%88%D9%86-%D8%B1%D8%A7-%D8%A8%D8%A7-%D8%A7%DB%8C%D9%86-%D8%B9%DB%8C%D9%86%DA%A9%D9%87%D8%A7-%D8%B4%D8%A7%D8%B1%DA%98-%DA%A9%D9%86%DB%8C%D8%AF/ HTTP/1.1" 200 23638 "-" "Mozilla/5.0 (compatible; Googlebot/2.1; +http://www.google.com/bot.html)" "-"
54.36.148.217 - - [22/Jan/2019:04:04:15 +0330] "GET /filter/b219,b259 HTTP/1.1" 200 36721 "-" "Mozilla/5.0 (compatible; AhrefsBot/6.1; +http://ahrefs.com/robot/)" "-"
91.99.72.15 - - [22/Jan/2019:04:04:15 +0330] "GET /product/29619/59052/%D8%AA%D8%B4%DA%A9-%D8%AF%D9%88-%D9%86%D9%81%D8%B1%D9%87-%D8%AE%D9%88%D8%B4%D8%AE%D9%88%D8%A7%D8%A8-%D9%85%D8%AF%D9%84-%D8%B3%D9%88%D9%BE%D8%B1-%DA%A9%D9%84%D8%A7%D8%B3-%D8%B3%D8%A7%D9%81%D8%AA-%D8%B3%D8%A7%DB%8C%D8%B2-200*200 HTTP/1.1" 200 41717 "-" "Mozilla/5.0 (Macintosh; Intel Mac OS X 10_7_3) AppleWebKit/534.55.3 (KHTML, like Gecko) Version/5.1.3 Safari/534.53.10" "-"
5.123.174.57 - - [22/Jan/2019:04:04:16 +0330] "GET /image/20120?name=12.jpg&wh=200x200 HTTP/1.1" 200 4520 "-" "Dalvik/2.1.0 (Linux; U; Android 8.1.0; SM-J710F Build/M1AJQ)" "-"
86.55.185.143 - - [22/Jan/2019:04:04:16 +0330] "GET /amp-helper-frame.html?appId=a624a1c1-0c93-466a-a546-e146710f97e6&parentOrigin=https://www-zanbil-ir.cdn.ampproject.org HTTP/1.1" 200 133 "https://www-zanbil-ir.cdn.ampproject.org/v/s/www.zanbil.ir/m/browse/electric-shavers/%D9%85%D8%A7%D8%B4%DB%8C%D9%86-%D8%A7%D8%B5%D9%84%D8%A7%D8%AD?amp_js_v=0.1&usqp=mq331AQECAEoAQ%3D%3D" "Mozilla/5.0 (Linux; Android 6.0.1; SAMSUNG SM-C7000 Build/MMB29M) AppleWebKit/537.36 (KHTML, like Gecko) SamsungBrowser/7.4 Chrome/59.0.3071.125 Mobile Safari/537.36" "-"
207.46.13.104 - - [22/Jan/2019:04:04:16 +0330] "GET /filter/b1,b136,b399,b878,p1 HTTP/1.1" 200 38364 "-" "Mozilla/5.0 (compatible; bingbot/2.0; +http://www.bing.com/bingbot.htm)" "-"
91.99.72.15 - - [22/Jan/2019:04:04:17 +0330] "GET /product/28369/57195/%D8%A7%D8%AC%D8%A7%D9%82-%DA%AF%D8%A7%D8%B2-%D8%B5%D9%81%D8%AD%D9%87-%D8%A7%DB%8C-%D8%A7%D8%B3%D8%AA%DB%8C%D9%84-%D8%A7%D9%84%D8%A8%D8%B1%D8%B2-%D9%85%D8%AF%D9%84-G-5908 HTTP/1.1" 200 41965 "-" "Mozilla/5.0 (Macintosh; Intel Mac OS X 10_7_3) AppleWebKit/534.55.3 (KHTML, like Gecko) Version/5.1.3 Safari/534.53.10" "-"
66.249.66.91 - - [22/Jan/2019:04:04:17 +0330] "GET /filter/b481%2Cb874%2Cb226%2Cb570%2Cb598%2Cstexists%2Cb880%2Cb270%2Cb883%2Cb99%2Cb261%2Cb249%2Cb20%2Cb701%2Cb42%2Cb879%2Cb548%2Cb183%2Cb88%2Cb308%2Cb103%2Cb1%2Cb126%2Cb523%2Cb900%2Cb192%2Cb188%2Cb703%2Cb890%2Cb148%2Cb256%2Cb454%2Cb651%2Cb41%2Cb647%2Cb22%2Cb613%2Cb6%2Cb221%2Cb36%2Cb614%2Cb3%2Cb216%2Cb218%2Cb136%2Cb573%2Cb151%2Cb185%2Cb32%2Cb441%2Cb143%2Cb648%2Cb203%2Cb877%2Cb209%2Cb231%2Cb485%2Cb147%2Cb484?page=7 HTTP/1.1" 200 41817 "-" "Mozilla/5.0 (compatible; Googlebot/2.1; +http://www.google.com/bot.html)" "-"
66.249.66.194 - - [22/Jan/2019:04:04:17 +0330] "GET /filter/b103,b105,b136,b143,b168,b180,b185,b186,b188,b19,b198,b2,b20,b204,b213,b218,b219,b224,b231,b238,b240,b249,b256,b282,b290,b299,b305,b400,b41,b42,b435,b454,b481,b482,b50,b542,b543,b570,b584,b596,b598,b601,b603,b614,b645,b648,b703,b723,b74,b741,b795,b80,b854,b879,p11671 HTTP/1.1" 200 36550 "-" "Mozilla/5.0 (compatible; Googlebot/2.1; +http://www.google.com/bot.html)" "-"
5.123.209.223 - - [22/Jan/2019:04:04:17 +0330] "GET /image/34039?name=d4i.jpg&wh=200x200 HTTP/1.1" 200 4088 "-" "Dalvik/2.1.0 (Linux; U; Android 7.1.1; SM-J250F Build/NMF26X)" "-"
54.36.149.37 - - [22/Jan/2019:04:04:17 +0330] "GET /filter/p16927,stexists,v1|%D9%85%D8%B4%DA%A9%DB%8C%20%D8%B7%D9%88%D8%B3%DB%8C HTTP/1.1" 200 30062 "-" "Mozilla/5.0 (compatible; AhrefsBot/6.1; +http://ahrefs.com/robot/)" "-"
67.195.177.230 - - [22/Jan/2019:04:04:17 +0330] "GET /image/5659?name=3030.jpg&wh=max HTTP/1.1" 301 178 "https://images.search.yahoo.com/images/view;_ylt=AwrExdm1ZUZcb4IA6HtGnIlQ;_ylu=X3oDMTIzNTZmNzluBHNlYwNzcgRzbGsDaW1nBG9pZANhOWU5ZDI0NWFlMmFiMjk0YjBjOGI1MDIyZjg4ZGVhNgRncG9zAzEyBGl0A2Jpbmc-?back=https%3A%2F%2Fimages.search.yahoo.com%2Fyhs%2Fsearch%3Fp%3D%25D8%25B3%25D8%25A7%25D8%25AE%25D8%25AA%2B%25D8%25A8%25D8%25AE%25D8%25A7%25D8%25B1%25DB%258C%2B%25D8%25A8%25D8%25B1%25D9%2582%25DB%258C%26type%3Dcy%26fr2%3Dpiv-web%26hsimp%3Dyhsm-coolpad%26hspart%3Dairfind%26tab%3Dorganic%26ri%3D12&w=450&h=369&imgurl=banehmarket.com%2Fupload%2Feditor_photo%2F1449039891Untitled-2.jpg&rurl=http%3A%2F%2Fbanehmarket.com%2Fproduct%2F4148&size=24.0KB&name=%3Cb%3E%D8%A8%D8%AE%D8%A7%D8%B1%DB%8C%3C%2Fb%3E+%3Cb%3E%D8%A8%D8%B1%D9%82%DB%8C%3C%2Fb%3E+%D9%81%D9%86+%D8%AF%D8%A7%D8%B1+%DA%AF%D9%88%D8%B3%D9%88%D9%86%DB%8C%DA%A9+GOSONIC&p=%D8%B3%D8%A7%D8%AE%D8%AA+%D8%A8%D8%AE%D8%A7%D8%B1%DB%8C+%D8%A8%D8%B1%D9%82%DB%8C&oid=a9e9d245ae2ab294b0c8b5022f88dea6&fr2=piv-web&fr=&tt=%3Cb%3E%D8%A8%D8%AE%D8%A7%D8%B1%DB%8C%3C%2Fb%3E+%3Cb%3E%D8%A8%D8%B1%D9%82%DB%8C%3C%2Fb%3E+%D9%81%D9%86+%D8%AF%D8%A7%D8%B1+%DA%AF%D9%88%D8%B3%D9%88%D9%86%DB%8C%DA%A9+GOSONIC&b=0&ni=21&no=12&ts=&tab=organic&sigr=113j0ba1m&sigb=165ubc0du&sigi=11ssleh06&sigt=124rbr19b&sign=124rbr19b&.crumb=15K3iUnhCcn&fr2=piv-web&hsimp=yhsm-coolpad&hspart=airfind&type=cy" "YahooCacheSystem; YahooWebServiceClient" "-"
66.249.66.91 - - [22/Jan/2019:04:04:17 +0330] "GET /filter/b249%2Cb482%2Cb615%2Cb80%2Cb598%2Cb221%2Cb74%2Cb880%2Cb41%2Cb113%2Cb454%2Cb43%2Cb484%2Cb442%2Cb574%2Cb874%2Cb648%2Cb820%2Cstexists%2Cb192%2Cb400%2Cb188%2Cb8%2Cb82%2Cb183%2Cb900%2Cb19%2Cb795%2Cb543%2Cp11640?page=9 HTTP/1.1" 200 31234 "-" "Mozilla/5.0 (compatible; Googlebot/2.1; +http://www.google.com/bot.html)" "-"
2.179.21.254 - - [22/Jan/2019:04:04:17 +0330] "GET /image/13818?name=img277.jpg&wh=200x200 HTTP/1.1" 200 6642 "-" "Dalvik/2.1.0 (Linux; U; Android 8.1.0; SM-G610F Build/M1AJQ)" "-"
66.249.66.194 - - [22/Jan/2019:04:04:18 +0330] "GET /m/filter/b118,b126,b148,b183,b186,b20,b212,b213,b221,b224,b249,b3,b32,b484,b485,b523,b542,b613,b63,b67,b724,b734,b820,b874,b95,b99 HTTP/1.1" 200 24949 "-" "Mozilla/5.0 (Linux; Android 6.0.1; Nexus 5X Build/MMB29P) AppleWebKit/537.36 (KHTML, like Gecko) Chrome/41.0.2272.96 Mobile Safari/537.36 (compatible; Googlebot/2.1; +http://www.google.com/bot.html)" "-"
5.123.174.57 - - [22/Jan/2019:04:04:18 +0330] "GET /image/3579?name=1139.jpg&wh=200x200 HTTP/1.1" 200 6173 "-" "Dalvik/2.1.0 (Linux; U; Android 8.1.0; SM-J710F Build/M1AJQ)" "-"
91.99.72.15 - - [22/Jan/2019:04:04:19 +0330] "GET /product/7637/9394/%D8%B3%DB%8C%D9%86%DA%A9-%D8%B8%D8%B1%D9%81%D8%B4%D9%88%DB%8C%DB%8C-%D8%B1%D9%88%DA%A9%D8%A7%D8%B1-%D8%A7%D8%AE%D9%88%D8%A7%D9%86-%D9%85%D8%AF%D9%84-36 HTTP/1.1" 200 41615 "-" "Mozilla/5.0 (Windows NT 6.1; WOW64) AppleWebKit/535.7(KHTML, like Gecko) Chrome/16.0.912.36 Safari/535.7" "-"
67.195.177.230 - - [22/Jan/2019:04:04:19 +0330] "GET /image/5659?name=3030.jpg&wh=max HTTP/1.1" 200 44327 "https://images.search.yahoo.com/images/view;_ylt=AwrExdm1ZUZcb4IA6HtGnIlQ;_ylu=X3oDMTIzNTZmNzluBHNlYwNzcgRzbGsDaW1nBG9pZANhOWU5ZDI0NWFlMmFiMjk0YjBjOGI1MDIyZjg4ZGVhNgRncG9zAzEyBGl0A2Jpbmc-?back=https%3A%2F%2Fimages.search.yahoo.com%2Fyhs%2Fsearch%3Fp%3D%25D8%25B3%25D8%25A7%25D8%25AE%25D8%25AA%2B%25D8%25A8%25D8%25AE%25D8%25A7%25D8%25B1%25DB%258C%2B%25D8%25A8%25D8%25B1%25D9%2582%25DB%258C%26type%3Dcy%26fr2%3Dpiv-web%26hsimp%3Dyhsm-coolpad%26hspart%3Dairfind%26tab%3Dorganic%26ri%3D12&w=450&h=369&imgurl=banehmarket.com%2Fupload%2Feditor_photo%2F1449039891Untitled-2.jpg&rurl=http%3A%2F%2Fbanehmarket.com%2Fproduct%2F4148&size=24.0KB&name=%3Cb%3E%D8%A8%D8%AE%D8%A7%D8%B1%DB%8C%3C%2Fb%3E+%3Cb%3E%D8%A8%D8%B1%D9%82%DB%8C%3C%2Fb%3E+%D9%81%D9%86+%D8%AF%D8%A7%D8%B1+%DA%AF%D9%88%D8%B3%D9%88%D9%86%DB%8C%DA%A9+GOSONIC&p=%D8%B3%D8%A7%D8%AE%D8%AA+%D8%A8%D8%AE%D8%A7%D8%B1%DB%8C+%D8%A8%D8%B1%D9%82%DB%8C&oid=a9e9d245ae2ab294b0c8b5022f88dea6&fr2=piv-web&fr=&tt=%3Cb%3E%D8%A8%D8%AE%D8%A7%D8%B1%DB%8C%3C%2Fb%3E+%3Cb%3E%D8%A8%D8%B1%D9%82%DB%8C%3C%2Fb%3E+%D9%81%D9%86+%D8%AF%D8%A7%D8%B1+%DA%AF%D9%88%D8%B3%D9%88%D9%86%DB%8C%DA%A9+GOSONIC&b=0&ni=21&no=12&ts=&tab=organic&sigr=113j0ba1m&sigb=165ubc0du&sigi=11ssleh06&sigt=124rbr19b&sign=124rbr19b&.crumb=15K3iUnhCcn&fr2=piv-web&hsimp=yhsm-coolpad&hspart=airfind&type=cy" "YahooCacheSystem; YahooWebServiceClient" "-"
66.249.66.194 - - [22/Jan/2019:04:04:19 +0330] "GET /m/filter/b118,b126,b148,b183,b186,b20,b212,b213,b221,b224,b249,b3,b32,b484,b485,b523,b542,b613,b63,b67,b724,b734,b820,b874,b95,b99 HTTP/1.1" 200 24922 "-" "Mozilla/5.0 (Linux; Android 6.0.1; Nexus 5X Build/MMB29P) AppleWebKit/537.36 (KHTML, like Gecko) Chrome/41.0.2272.96 Mobile Safari/537.36 (compatible; Googlebot/2.1; +http://www.google.com/bot.html)" "-"
207.46.13.104 - - [22/Jan/2019:04:04:19 +0330] "GET /filter/b82,b874 HTTP/1.1" 200 36137 "-" "Mozilla/5.0 (compatible; bingbot/2.0; +http://www.bing.com/bingbot.htm)" "-"
91.99.72.15 - - [22/Jan/2019:04:04:20 +0330] "GET /product/29177?model=58443 HTTP/1.1" 200 41234 "-" "Mozilla/5.0 (Windows NT 6.1; WOW64) AppleWebKit/535.7(KHTML, like Gecko) Chrome/16.0.912.36 Safari/535.7" "-"
5.123.174.57 - - [22/Jan/2019:04:04:20 +0330] "GET /image/29389?name=photo_2015-11-21_10-14-14.jpg&wh=200x200 HTTP/1.1" 200 4900 "-" "Dalvik/2.1.0 (Linux; U; Android 8.1.0; SM-J710F Build/M1AJQ)" "-"
91.99.72.15 - - [22/Jan/2019:04:04:21 +0330] "GET /product/32721/63165/%D8%A2%D8%A8%D9%85%DB%8C%D9%88%D9%87-%DA%AF%DB%8C%D8%B1%DB%8C-%D8%AA%DA%A9-%DA%A9%D8%A7%D8%B1%D9%87-%D8%B3%D8%A7%D9%85-%D9%85%D8%AF%D9%84-SJ-B100W HTTP/1.1" 200 40884 "-" "Mozilla/5.0 (Windows NT 6.2; Win64; x64; rv:16.0)Gecko/16.0 Firefox/16.0" "-"
66.249.66.91 - - [22/Jan/2019:04:04:22 +0330] "GET /filter/b481%2Cb874%2Cb32%2Cb67%2Cb36%2Cb226%2Cb41%2Cb136%2Cb570%2Cb598%2Cb180%2Cb615%2Cb168%2Cb648%2Cb103%2Cb213%2Cb597%2Cb724%2Cb613%2Cb135%2Cb877%2Cb183%2Cb497%2Cb435%2Cb194%2Cb1%2Cb861%2Cb256%2Cb854%2Cb198%2Cb647%2Cb679%2Cb88%2Cb441%2Cb6%2Cb880%2Cb221%2Cb645%2Cb219%2Cb224?page=5 HTTP/1.1" 200 39306 "-" "Mozilla/5.0 (compatible; Googlebot/2.1; +http://www.google.com/bot.html)" "-"
207.46.13.104 - - [22/Jan/2019:04:04:22 +0330] "GET /filter/b1,b208,b423 HTTP/1.1" 200 36065 "-" "Mozilla/5.0 (compatible; bingbot/2.0; +http://www.bing.com/bingbot.htm)" "-"
34.247.132.53 - - [22/Jan/2019:04:04:22 +0330] "GET / HTTP/1.1" 200 29457 "-" "Mozilla/5.0 (Windows NT 10.0; Win64; x64) AppleWebKit/537.36 (KHTML, like Gecko) Chrome/63.0.3239.84 Safari/537.36" "-"
91.99.72.15 - - [22/Jan/2019:04:04:23 +0330] "GET /product/32614/63049/%DA%AF%D9%88%D8%B4%DB%8C-%D8%AA%D9%84%D9%81%D9%86-%D8%A8%DB%8C-%D8%B3%DB%8C%D9%85-%D9%BE%D8%A7%D9%86%D8%A7%D8%B3%D9%88%D9%86%DB%8C%DA%A9-%D9%85%D8%AF%D9%84-KX-TG3712 HTTP/1.1" 200 40752 "-" "Mozilla/5.0 (Windows NT 6.2; Win64; x64; rv:16.0)Gecko/16.0 Firefox/16.0" "-"
66.249.66.194 - - [22/Jan/2019:04:04:23 +0330] "GET /m/filter/b103,b105,b126,b136,b143,b148,b151,b152,b183,b185,b188,b19,b194,b198,b20,b202,b209,b212,b213,b219,b22,b221,b226,b236,b238,b249,b256,b270,b308,b35,b36,b4,b400,b42,b481,b485,b497,b523,b542,b546,b568,b570,b596,b597,b6,b613,b647,b651,b701,b703,b723,b74,b80,b820,b877,b88,b880,b883,b890,b900,b903,b95,b99,p11671 HTTP/1.1" 200 20790 "-" "Mozilla/5.0 (Linux; Android 6.0.1; Nexus 5X Build/MMB29P) AppleWebKit/537.36 (KHTML, like Gecko) Chrome/41.0.2272.96 Mobile Safari/537.36 (compatible; Googlebot/2.1; +http://www.google.com/bot.html)" "-"
207.46.13.104 - - [22/Jan/2019:04:04:24 +0330] "GET /image/14300?name=lg_27778354.jpg&wh=max HTTP/1.1" 200 34704 "-" "Mozilla/5.0 (compatible; bingbot/2.0; +http://www.bing.com/bingbot.htm)" "-"
66.249.66.91 - - [22/Jan/2019:04:04:24 +0330] "GET /filter/b656%2Cb703%2Cb32%2Cb67%2Cb226%2Cb41%2Cb598%2Cb168%2Cb723%2Cb597%2Cb88%2Cb548%2Cb6%2Cb679%2Cb215%2Cb105%2Cb194%2Cb74%2Cb542%2Cb35%2Cb113%2Cb820%2Cb574%2Cb442%2Cb880%2Cb645%2Cb724%2Cb118%2Cb482%2Cb400%2Cb95%2Cb135%2Cb249%2Cb435%2Cb221%2Cb523%2Cb854%2Cb126%2Cstexists%2Cb216%2Cb217%2Cb152%2Cb99%2Cb188%2Cb209%2Cb192%2Cb213%2Cb136%2Cb218%2Cb4%2Cb648%2Cb701%2Cb20%2Cb573%2Cb647%2Cb874?page=10 HTTP/1.1" 200 40847 "-" "Mozilla/5.0 (compatible; Googlebot/2.1; +http://www.google.com/bot.html)" "-"
5.211.97.39 - - [22/Jan/2019:04:04:24 +0330] "HEAD /amp_preconnect_polyfill_404_or_other_error_expected._Do_not_worry_about_it?1548117540000 HTTP/1.1" 404 0 "https://www.zanbil.ir/m/browse/beverage-preperation-and-storage/%D8%AA%D9%87%DB%8C%D9%87-%D9%88-%D9%86%DA%AF%D9%87%D8%AF%D8%A7%D8%B1%DB%8C-%D9%86%D9%88%D8%B4%DB%8C%D8%AF%D9%86%DB%8C" "Mozilla/5.0 (iPhone; CPU iPhone OS 10_3_2 like Mac OS X) AppleWebKit/603.2.4 (KHTML, like Gecko) Version/10.0 Mobile/14F89 Safari/602.1" "-"
66.249.66.194 - - [22/Jan/2019:04:04:25 +0330] "GET /m/filter/b2,p7 HTTP/1.1" 200 18942 "-" "Mozilla/5.0 (Linux; Android 6.0.1; Nexus 5X Build/MMB29P) AppleWebKit/537.36 (KHTML, like Gecko) Chrome/41.0.2272.96 Mobile Safari/537.36 (compatible; Googlebot/2.1; +http://www.google.com/bot.html)" "-"
91.99.72.15 - - [22/Jan/2019:04:04:25 +0330] "GET /product/29653/59088/%D9%85%D8%A8%D9%84-%D8%A7%D8%AF%D8%A7%D8%B1%DB%8C-%D8%AA%DA%A9-%D9%86%D9%81%D8%B1%D9%87-%D9%86%DB%8C%D9%84%D9%BE%D8%B1-%D9%85%D8%AF%D9%84-FB898N1 HTTP/1.1" 200 41008 "-" "Mozilla/5.0 (X11; Linux x86_64) AppleWebKit/537.36 (KHTML, like Gecko) Chrome/53.0.2785.92 Safari/537.36" "-"
5.123.174.57 - - [22/Jan/2019:04:04:25 +0330] "GET /image/30832?name=janome-1920-01.jpg&wh=200x200 HTTP/1.1" 200 5108 "-" "Dalvik/2.1.0 (Linux; U; Android 8.1.0; SM-J710F Build/M1AJQ)" "-"
66.249.66.91 - - [22/Jan/2019:04:04:25 +0330] "GET /filter/b481%2Cb874%2Cb32%2Cb67%2Cb36%2Cb226%2Cb41%2Cb136%2Cb570%2Cb598%2Cb180%2Cb615%2Cb168%2Cb648%2Cb103%2Cb80%2Cb213%2Cb597%2Cb724%2Cb613%2Cb135%2Cb877%2Cb183%2Cb497%2Cb435%2Cb194%2Cb861%2Cb256%2Cb854%2Cb198%2Cb647%2Cb679%2Cb88%2Cb441%2Cb6%2Cb221%2Cb645%2Cb219%2Cb50%2Cb151%2Cb192%2Cstexists%2Cb203%2Cb202?page=8 HTTP/1.1" 200 39250 "-" "Mozilla/5.0 (compatible; Googlebot/2.1; +http://www.google.com/bot.html)" "-"
54.36.148.239 - - [22/Jan/2019:04:04:26 +0330] "GET /filter/p5252%2Cv1%7C%D8%B7%D9%88%D8%B3%DB%8C%2Cv1%7C%D9%82%D8%B1%D9%85%D8%B2. HTTP/1.1" 200 31864 "-" "Mozilla/5.0 (compatible; AhrefsBot/6.1; +http://ahrefs.com/robot/)" "-"
66.249.66.195 - - [22/Jan/2019:04:04:26 +0330] "GET /browse/pot-service HTTP/1.1" 301 178 "-" "Mozilla/5.0 (Linux; Android 6.0.1; Nexus 5X Build/MMB29P) AppleWebKit/537.36 (KHTML, like Gecko) Chrome/41.0.2272.96 Mobile Safari/537.36 (compatible; Googlebot/2.1; +http://www.google.com/bot.html)" "-"
63.143.42.246 - - [22/Jan/2019:04:04:26 +0330] "HEAD / HTTP/1.1" 301 0 "http://zanbil.ir" "Mozilla/5.0+(compatible; UptimeRobot/2.0; http://www.uptimerobot.com/)" "-"
66.249.66.194 - - [22/Jan/2019:04:04:26 +0330] "GET /browse/pot-service HTTP/1.1" 302 0 "-" "Mozilla/5.0 (Linux; Android 6.0.1; Nexus 5X Build/MMB29P) AppleWebKit/537.36 (KHTML, like Gecko) Chrome/41.0.2272.96 Mobile Safari/537.36 (compatible; Googlebot/2.1; +http://www.google.com/bot.html)" "-"
66.249.66.194 - - [22/Jan/2019:04:04:27 +0330] "GET /m/browse/pot-service HTTP/1.1" 404 32452 "-" "Mozilla/5.0 (Linux; Android 6.0.1; Nexus 5X Build/MMB29P) AppleWebKit/537.36 (KHTML, like Gecko) Chrome/41.0.2272.96 Mobile Safari/537.36 (compatible; Googlebot/2.1; +http://www.google.com/bot.html)" "-"
66.249.66.91 - - [22/Jan/2019:04:04:27 +0330] "GET /product/33902/64641/%D8%AA%D9%84%D9%88%DB%8C%D8%B2%DB%8C%D9%88%D9%86-%D8%A7%D9%84-%D8%A7%DB%8C-%D8%AF%DB%8C-%D8%B3%D9%88%D9%86%DB%8C-%D9%85%D8%AF%D9%84-KD-55X8500E HTTP/1.1" 200 41909 "-" "Mozilla/5.0 (compatible; Googlebot/2.1; +http://www.google.com/bot.html)" "-"
207.46.13.104 - - [22/Jan/2019:04:04:27 +0330] "GET /filter/b180,b36,p46 HTTP/1.1" 200 34939 "-" "Mozilla/5.0 (compatible; bingbot/2.0; +http://www.bing.com/bingbot.htm)" "-"
207.46.13.136 - - [22/Jan/2019:04:04:27 +0330] "GET /product/30335 HTTP/1.1" 200 42259 "-" "Mozilla/5.0 (compatible; bingbot/2.0; +http://www.bing.com/bingbot.htm)" "-"
63.143.42.246 - - [22/Jan/2019:04:04:28 +0330] "HEAD / HTTP/1.1" 200 0 "http://zanbil.ir" "Mozilla/5.0+(compatible; UptimeRobot/2.0; http://www.uptimerobot.com/)" "-"
89.32.98.244 - - [22/Jan/2019:04:04:28 +0330] "GET /m/filter/p40%2Ct74?name=%DA%A9%D9%88%D9%84%D8%B1-%D8%A2%D8%A8%DB%8C&productType=evaporative-air-cooler HTTP/1.1" 200 18289 "-" "Mozilla/5.0 (Linux; Android 5.1.1; SAMSUNG SM-J200H Build/LMY48B) AppleWebKit/537.36 (KHTML, like Gecko) SamsungBrowser/3.5 Chrome/38.0.2125.102 Mobile Safari/537.36" "-"
89.32.98.244 - - [22/Jan/2019:04:04:28 +0330] "GET /static/css/font/wyekan/font.woff HTTP/1.1" 304 0 "https://www.zanbil.ir/m/filter/p40%2Ct74?name=%DA%A9%D9%88%D9%84%D8%B1-%D8%A2%D8%A8%DB%8C&productType=evaporative-air-cooler" "Mozilla/5.0 (Linux; Android 5.1.1; SAMSUNG SM-J200H Build/LMY48B) AppleWebKit/537.36 (KHTML, like Gecko) SamsungBrowser/3.5 Chrome/38.0.2125.102 Mobile Safari/537.36" "-"
5.123.174.57 - - [22/Jan/2019:04:04:29 +0330] "GET /image/33755?name=9400plus-11.jpg&wh=200x200 HTTP/1.1" 200 4845 "-" "Dalvik/2.1.0 (Linux; U; Android 8.1.0; SM-J710F Build/M1AJQ)" "-"
5.123.174.57 - - [22/Jan/2019:04:04:29 +0330] "GET /image/3576?name=1149.jpg&wh=200x200 HTTP/1.1" 200 6817 "-" "Dalvik/2.1.0 (Linux; U; Android 8.1.0; SM-J710F Build/M1AJQ)" "-"
5.123.174.57 - - [22/Jan/2019:04:04:29 +0330] "GET /image/3553?name=502.jpg&wh=200x200 HTTP/1.1" 200 7029 "-" "Dalvik/2.1.0 (Linux; U; Android 8.1.0; SM-J710F Build/M1AJQ)" "-"
5.123.174.57 - - [22/Jan/2019:04:04:29 +0330] "GET /image/20116?name=q.jpg&wh=200x200 HTTP/1.1" 200 4582 "-" "Dalvik/2.1.0 (Linux; U; Android 8.1.0; SM-J710F Build/M1AJQ)" "-"
66.249.66.194 - - [22/Jan/2019:04:04:29 +0330] "GET /m/filter/b1,b103,b135,b136,b168,b180,b183,b194,b198,b213,b219,b221,b224,b226,b256,b32,b36,b41,b435,b441,b481,b497,b570,b597,b598,b6,b613,b615,b645,b647,b648,b67,b679,b724,b854,b861,b874,b877,b88,b880 HTTP/1.1" 200 26190 "-" "Mozilla/5.0 (Linux; Android 6.0.1; Nexus 5X Build/MMB29P) AppleWebKit/537.36 (KHTML, like Gecko) Chrome/41.0.2272.96 Mobile Safari/537.36 (compatible; Googlebot/2.1; +http://www.google.com/bot.html)" "-"
89.32.98.244 - - [22/Jan/2019:04:04:29 +0330] "GET /static/images/guarantees/bestPrice.png HTTP/1.1" 200 7356 "https://www.zanbil.ir/m/filter/p40%2Ct74?name=%DA%A9%D9%88%D9%84%D8%B1-%D8%A2%D8%A8%DB%8C&productType=evaporative-air-cooler" "Mozilla/5.0 (Linux; Android 5.1.1; SAMSUNG SM-J200H Build/LMY48B) AppleWebKit/537.36 (KHTML, like Gecko) SamsungBrowser/3.5 Chrome/38.0.2125.102 Mobile Safari/537.36" "-"
89.32.98.244 - - [22/Jan/2019:04:04:29 +0330] "GET /static/images/guarantees/goodShopping.png HTTP/1.1" 200 6496 "https://www.zanbil.ir/m/filter/p40%2Ct74?name=%DA%A9%D9%88%D9%84%D8%B1-%D8%A2%D8%A8%DB%8C&productType=evaporative-air-cooler" "Mozilla/5.0 (Linux; Android 5.1.1; SAMSUNG SM-J200H Build/LMY48B) AppleWebKit/537.36 (KHTML, like Gecko) SamsungBrowser/3.5 Chrome/38.0.2125.102 Mobile Safari/537.36" "-"
89.32.98.244 - - [22/Jan/2019:04:04:29 +0330] "GET /static/images/guarantees/support.png HTTP/1.1" 200 6454 "https://www.zanbil.ir/m/filter/p40%2Ct74?name=%DA%A9%D9%88%D9%84%D8%B1-%D8%A2%D8%A8%DB%8C&productType=evaporative-air-cooler" "Mozilla/5.0 (Linux; Android 5.1.1; SAMSUNG SM-J200H Build/LMY48B) AppleWebKit/537.36 (KHTML, like Gecko) SamsungBrowser/3.5 Chrome/38.0.2125.102 Mobile Safari/537.36" "-"
89.32.98.244 - - [22/Jan/2019:04:04:29 +0330] "GET /static/images/guarantees/warranty.png HTTP/1.1" 304 0 "https://www.zanbil.ir/m/filter/p40%2Ct74?name=%DA%A9%D9%88%D9%84%D8%B1-%D8%A2%D8%A8%DB%8C&productType=evaporative-air-cooler" "Mozilla/5.0 (Linux; Android 5.1.1; SAMSUNG SM-J200H Build/LMY48B) AppleWebKit/537.36 (KHTML, like Gecko) SamsungBrowser/3.5 Chrome/38.0.2125.102 Mobile Safari/537.36" "-"
89.32.98.244 - - [22/Jan/2019:04:04:30 +0330] "GET /static/images/guarantees/fastDelivery.png HTTP/1.1" 200 7713 "https://www.zanbil.ir/m/filter/p40%2Ct74?name=%DA%A9%D9%88%D9%84%D8%B1-%D8%A2%D8%A8%DB%8C&productType=evaporative-air-cooler" "Mozilla/5.0 (Linux; Android 5.1.1; SAMSUNG SM-J200H Build/LMY48B) AppleWebKit/537.36 (KHTML, like Gecko) SamsungBrowser/3.5 Chrome/38.0.2125.102 Mobile Safari/537.36" "-"
17.58.102.43 - - [22/Jan/2019:04:04:30 +0330] "GET /filter/b571%2Cb288%2Cb57%2Cb6%2Cb355%2Cb237%2Cb418%2Cb2%2Cb233%2Cb426%2Cb466%2Cb337%2Cb533%2Cb491%2Cb621%2Cb103%2Cb497%2Cb724 HTTP/1.1" 200 37711 "-" "Mozilla/5.0 (Macintosh; Intel Mac OS X 10_10_1) AppleWebKit/600.2.5 (KHTML, like Gecko) Version/8.0.2 Safari/600.2.5 (Applebot/0.1; +http://www.apple.com/go/applebot)" "-"
5.123.174.57 - - [22/Jan/2019:04:04:30 +0330] "GET /image/33754?name=2050-11.jpg&wh=200x200 HTTP/1.1" 200 4678 "-" "Dalvik/2.1.0 (Linux; U; Android 8.1.0; SM-J710F Build/M1AJQ)" "-"
91.99.72.15 - - [22/Jan/2019:04:04:30 +0330] "GET /product/29451?model=58885 HTTP/1.1" 200 40648 "-" "Mozilla/5.0 (Windows NT 6.2; Win64; x64; rv:16.0)Gecko/16.0 Firefox/16.0" "-"
207.46.13.136 - - [22/Jan/2019:04:04:31 +0330] "GET /image/32310?name=ssb087p1-11.jpg&wh=max HTTP/1.1" 200 120743 "-" "Mozilla/5.0 (compatible; bingbot/2.0; +http://www.bing.com/bingbot.htm)" "-"
207.46.13.104 - - [22/Jan/2019:04:04:31 +0330] "GET /filter/b103,b111,b35,b74 HTTP/1.1" 200 36342 "-" "Mozilla/5.0 (compatible; bingbot/2.0; +http://www.bing.com/bingbot.htm)" "-"
207.46.13.136 - - [22/Jan/2019:04:04:31 +0330] "GET /blog/accessories/jewelry/men-jewelry/men-necklace/ HTTP/1.1" 200 20709 "-" "Mozilla/5.0 (iPhone; CPU iPhone OS 7_0 like Mac OS X) AppleWebKit/537.51.1 (KHTML, like Gecko) Version/7.0 Mobile/11A465 Safari/9537.53 (compatible; bingbot/2.0; +http://www.bing.com/bingbot.htm)" "-"
66.249.66.195 - - [22/Jan/2019:04:04:31 +0330] "GET /product/11458 HTTP/1.1" 301 178 "-" "Mozilla/5.0 (Linux; Android 6.0.1; Nexus 5X Build/MMB29P) AppleWebKit/537.36 (KHTML, like Gecko) Chrome/41.0.2272.96 Mobile Safari/537.36 (compatible; Googlebot/2.1; +http://www.google.com/bot.html)" "-"
91.99.72.15 - - [22/Jan/2019:04:04:31 +0330] "GET /product/30701/60458/%D8%B9%D8%B7%D8%B1-%D9%88-%D8%A7%D8%AF%DA%A9%D9%84%D9%86-%D9%85%D8%B1%D8%AF%D8%A7%D9%86%D9%87-YVES-SAINT-LAURENT-%D9%85%D8%AF%D9%84-Noble-Leather HTTP/1.1" 200 40903 "-" "Mozilla/5.0 (Macintosh; Intel Mac OS X 10_7_3) AppleWebKit/534.55.3 (KHTML, like Gecko) Version/5.1.3 Safari/534.53.10" "-"
66.249.66.194 - - [22/Jan/2019:04:04:32 +0330] "GET /product/11458 HTTP/1.1" 302 0 "-" "Mozilla/5.0 (Linux; Android 6.0.1; Nexus 5X Build/MMB29P) AppleWebKit/537.36 (KHTML, like Gecko) Chrome/41.0.2272.96 Mobile Safari/537.36 (compatible; Googlebot/2.1; +http://www.google.com/bot.html)" "-"
66.249.66.194 - - [22/Jan/2019:04:04:32 +0330] "GET /m/product/11458 HTTP/1.1" 404 32331 "-" "Mozilla/5.0 (Linux; Android 6.0.1; Nexus 5X Build/MMB29P) AppleWebKit/537.36 (KHTML, like Gecko) Chrome/41.0.2272.96 Mobile Safari/537.36 (compatible; Googlebot/2.1; +http://www.google.com/bot.html)" "-"
66.249.66.194 - - [22/Jan/2019:04:04:32 +0330] "GET /blog/digital-supplies/%DA%AF%D9%88%D8%B4%DB%8C-%D8%AA%D8%A7%D8%B4%D9%88-%D8%B3%D8%A7%D9%85%D8%B3%D9%88%D9%86%DA%AF-%D8%8C-%D9%85%D8%AD%D8%B5%D9%88%D9%84-%D8%A2%DB%8C%D9%86%D8%AF%D9%87-%D8%A7%DB%8C%D9%86-%DA%A9%D9%85%D9%BE/ HTTP/1.1" 200 24141 "-" "Mozilla/5.0 (compatible; Googlebot/2.1; +http://www.google.com/bot.html)" "-"
91.99.72.15 - - [22/Jan/2019:04:04:33 +0330] "GET /product/17793/34953/%D8%B2%D9%88%D8%AF%D9%BE%D8%B2-%DA%86%D9%86%D8%AF-%DA%A9%D8%A7%D8%B1%D9%87-%D9%81%D9%84%D8%B1-%D9%85%D8%AF%D9%84-PC163SD HTTP/1.1" 200 40600 "-" "Mozilla/5.0 (Macintosh; Intel Mac OS X 10_7_3) AppleWebKit/534.55.3 (KHTML, like Gecko) Version/5.1.3 Safari/534.53.10" "-"
207.46.13.104 - - [22/Jan/2019:04:04:35 +0330] "GET /filter/b1,b124,b36 HTTP/1.1" 200 36467 "-" "Mozilla/5.0 (compatible; bingbot/2.0; +http://www.bing.com/bingbot.htm)" "-"
91.99.72.15 - - [22/Jan/2019:04:04:35 +0330] "GET /product/28611/57467/%D8%A7%D8%AC%D8%A7%D9%82-%DA%AF%D8%A7%D8%B2-%D8%B5%D9%81%D8%AD%D9%87-%D8%A7%DB%8C-%D8%A7%D8%AE%D9%88%D8%A7%D9%86-%D9%85%D8%AF%D9%84-GI-132 HTTP/1.1" 200 41577 "-" "Mozilla/5.0 (Windows NT 6.2; Win64; x64; rv:16.0)Gecko/16.0 Firefox/16.0" "-"
66.249.66.194 - - [22/Jan/2019:04:04:35 +0330] "GET /m/filter/b221,b3 HTTP/1.1" 200 22136 "-" "Mozilla/5.0 (Linux; Android 6.0.1; Nexus 5X Build/MMB29P) AppleWebKit/537.36 (KHTML, like Gecko) Chrome/41.0.2272.96 Mobile Safari/537.36 (compatible; Googlebot/2.1; +http://www.google.com/bot.html)" "-"
5.123.174.57 - - [22/Jan/2019:04:04:36 +0330] "GET /image/5280?name=6060d-front-baz.jpg&wh=200x200 HTTP/1.1" 200 6356 "-" "Dalvik/2.1.0 (Linux; U; Android 8.1.0; SM-J710F Build/M1AJQ)" "-"
66.249.66.194 - - [22/Jan/2019:04:04:36 +0330] "GET /m/filter/b400?page=2 HTTP/1.1" 302 0 "-" "Mozilla/5.0 (compatible; Googlebot/2.1; +http://www.google.com/bot.html)" "-"
66.249.66.91 - - [22/Jan/2019:04:04:36 +0330] "GET /filter/b656%2Cb703%2Cb32%2Cb67%2Cb226%2Cb41%2Cb598%2Cb168%2Cb723%2Cb597%2Cb88%2Cb548%2Cb6%2Cb679%2Cb215%2Cb105%2Cb194%2Cb74%2Cb542%2Cb35%2Cb113%2Cb820%2Cb574%2Cb442%2Cb880%2Cb645%2Cb724%2Cb118%2Cb482%2Cb400%2Cb95%2Cb135%2Cb249%2Cb221%2Cb523%2Cb854%2Cb126%2Cstexists%2Cb216%2Cb217%2Cb152%2Cb99%2Cb188%2Cb209%2Cb192%2Cb213%2Cb136%2Cb218%2Cb4%2Cb648%2Cb454%2Cb147%2Cb258%2Cb883?page=5 HTTP/1.1" 200 40433 "-" "Mozilla/5.0 (compatible; Googlebot/2.1; +http://www.google.com/bot.html)" "-"
54.36.149.61 - - [22/Jan/2019:04:04:36 +0330] "GET /filter/p19%2Cv1%7C%D8%B3%D9%81%DB%8C%D8%AF%20%D9%85%D8%B4%DA%A9%DB%8C.%2Cv1%7C%D9%82%D8%B1%D9%85%D8%B2.?o=v1 HTTP/1.1" 302 0 "-" "Mozilla/5.0 (compatible; AhrefsBot/6.1; +http://ahrefs.com/robot/)" "-"
5.123.174.57 - - [22/Jan/2019:04:04:37 +0330] "GET /image/3557?name=501.jpg&wh=200x200 HTTP/1.1" 200 4846 "-" "Dalvik/2.1.0 (Linux; U; Android 8.1.0; SM-J710F Build/M1AJQ)" "-"
66.249.66.91 - - [22/Jan/2019:04:04:38 +0330] "GET /filter/b656%2Cb703%2Cb32%2Cb67%2Cb226%2Cb41%2Cb598%2Cb168%2Cb723%2Cb597%2Cb88%2Cb548%2Cb6%2Cb679%2Cb215%2Cb105%2Cb194%2Cb74%2Cb542%2Cb35%2Cb113%2Cb820%2Cb574%2Cb442%2Cb880%2Cb645%2Cb724%2Cb118%2Cb482%2Cb400%2Cb95%2Cb135%2Cb249%2Cb435%2Cb221%2Cb523%2Cb854%2Cb126%2Cstexists%2Cb216%2Cb217%2Cb152%2Cb99%2Cb188%2Cb209%2Cb192%2Cb213%2Cb136%2Cb218%2Cb4%2Cb546%2Cb603?page=2 HTTP/1.1" 200 40611 "-" "Mozilla/5.0 (compatible; Googlebot/2.1; +http://www.google.com/bot.html)" "-"
51.15.15.54 - - [22/Jan/2019:04:04:38 +0330] "GET /blog/handy-crafts/etching/etching-tray/ HTTP/1.1" 200 19534 "-" "Barkrowler/0.9 (+http://www.exensa.com/crawl)" "-"
5.123.174.57 - - [22/Jan/2019:04:04:39 +0330] "GET /image/20132?name=8700000000000.jpg&wh=200x200 HTTP/1.1" 200 5857 "-" "Dalvik/2.1.0 (Linux; U; Android 8.1.0; SM-J710F Build/M1AJQ)" "-"
66.249.66.194 - - [22/Jan/2019:04:04:39 +0330] "GET /filter/b400?page=2 HTTP/1.1" 200 35596 "-" "Mozilla/5.0 (compatible; Googlebot/2.1; +http://www.google.com/bot.html)" "-"
5.123.174.57 - - [22/Jan/2019:04:04:39 +0330] "GET /image/20135?name=1020.jpg&wh=200x200 HTTP/1.1" 200 4908 "-" "Dalvik/2.1.0 (Linux; U; Android 8.1.0; SM-J710F Build/M1AJQ)" "-"
5.117.226.85 - - [22/Jan/2019:04:04:40 +0330] "GET /image/33888?name=model-b2048u-1-.jpg&wh=200x200 HTTP/1.1" 200 3975 "-" "Dalvik/2.1.0 (Linux; U; Android 6.0.1; SM-J500H Build/MMB29M)" "-"
66.249.66.194 - - [22/Jan/2019:04:04:40 +0330] "GET /m/filter/b36,b43,p29 HTTP/1.1" 200 18845 "-" "Mozilla/5.0 (Linux; Android 6.0.1; Nexus 5X Build/MMB29P) AppleWebKit/537.36 (KHTML, like Gecko) Chrome/41.0.2272.96 Mobile Safari/537.36 (compatible; Googlebot/2.1; +http://www.google.com/bot.html)" "-"
172.20.2.174 - - [22/Jan/2019:04:04:41 +0330] "GET /site/ping HTTP/1.1" 200 4 "-" "-" "-"
66.249.66.91 - - [22/Jan/2019:04:04:41 +0330] "GET /filter/b656%2Cb703%2Cb32%2Cb67%2Cb226%2Cb41%2Cb598%2Cb168%2Cb723%2Cb597%2Cb88%2Cb548%2Cb6%2Cb679%2Cb215%2Cb105%2Cb194%2Cb74%2Cb542%2Cb35%2Cb113%2Cb820%2Cb574%2Cb442%2Cb880%2Cb645%2Cb724%2Cb118%2Cb482%2Cb400%2Cb95%2Cb135%2Cb249%2Cb435%2Cb221%2Cb523%2Cb854%2Cb126%2Cstexists%2Cb216%2Cb217%2Cb152%2Cb99%2Cb188%2Cb209%2Cb192%2Cb213%2Cb136%2Cb218%2Cb4%2Cb648%2Cb701%2Cb20%2Cb573%2Cb647%2Cb874%2Cb8?page=10 HTTP/1.1" 200 40563 "-" "Mozilla/5.0 (compatible; Googlebot/2.1; +http://www.google.com/bot.html)" "-"
54.36.149.75 - - [22/Jan/2019:04:04:41 +0330] "GET /product/29585/80570 HTTP/1.1" 200 41478 "-" "Mozilla/5.0 (compatible; AhrefsBot/6.1; +http://ahrefs.com/robot/)" "-"
207.46.13.104 - - [22/Jan/2019:04:04:43 +0330] "GET /filter/b132,b36,b88 HTTP/1.1" 200 36317 "-" "Mozilla/5.0 (compatible; bingbot/2.0; +http://www.bing.com/bingbot.htm)" "-"
66.249.66.91 - - [22/Jan/2019:04:04:43 +0330] "GET /filter/b656%2Cb703%2Cb32%2Cb67%2Cb226%2Cb41%2Cb598%2Cb168%2Cb723%2Cb597%2Cb88%2Cb548%2Cb6%2Cb679%2Cb215%2Cb105%2Cb194%2Cb74%2Cb542%2Cb35%2Cb113%2Cb820%2Cb574%2Cb442%2Cb880%2Cb645%2Cb724%2Cb118%2Cb482%2Cb400%2Cb95%2Cb135%2Cb249%2Cb435%2Cb221%2Cb523%2Cb854%2Cb126%2Cstexists%2Cb216%2Cb217%2Cb152%2Cb99%2Cb188%2Cb209%2Cb192%2Cb213%2Cb136%2Cb218%2Cb4%2Cb546%2Cb648?page=1 HTTP/1.1" 200 40243 "-" "Mozilla/5.0 (compatible; Googlebot/2.1; +http://www.google.com/bot.html)" "-"
5.123.174.57 - - [22/Jan/2019:04:04:43 +0330] "GET /image/29386?name=8800111.jpg&wh=200x200 HTTP/1.1" 200 5026 "-" "Dalvik/2.1.0 (Linux; U; Android 8.1.0; SM-J710F Build/M1AJQ)" "-"
5.123.174.57 - - [22/Jan/2019:04:04:43 +0330] "GET /image/33753?name=2040-11.jpg&wh=200x200 HTTP/1.1" 200 4537 "-" "Dalvik/2.1.0 (Linux; U; Android 8.1.0; SM-J710F Build/M1AJQ)" "-"
66.249.66.91 - - [22/Jan/2019:04:04:44 +0330] "GET /image/453/article/100x100 HTTP/1.1" 200 19967 "-" "Googlebot-Image/1.0" "-"
86.55.185.143 - - [22/Jan/2019:04:04:45 +0330] "GET /m/product/23040/59396/%D9%85%D8%A7%D8%B4%DB%8C%D9%86-%D8%A7%D8%B5%D9%84%D8%A7%D8%AD-%D8%A8%D8%AF%D9%86-%D9%BE%D8%B1%D9%86%D8%B3%D9%84%DB%8C-%D9%85%D8%AF%D9%84-PR451AT HTTP/1.1" 200 20232 "https://www-zanbil-ir.cdn.ampproject.org/v/s/www.zanbil.ir/m/browse/electric-shavers/%D9%85%D8%A7%D8%B4%DB%8C%D9%86-%D8%A7%D8%B5%D9%84%D8%A7%D8%AD?amp_js_v=0.1&usqp=mq331AQECAEoAQ%3D%3D" "Mozilla/5.0 (Linux; Android 6.0.1; SAMSUNG SM-C7000 Build/MMB29M) AppleWebKit/537.36 (KHTML, like Gecko) SamsungBrowser/7.4 Chrome/59.0.3071.125 Mobile Safari/537.36" "-"
207.46.13.104 - - [22/Jan/2019:04:04:45 +0330] "GET /image/30050?name=w.jpg&wh=max HTTP/1.1" 200 37412 "-" "Mozilla/5.0 (compatible; bingbot/2.0; +http://www.bing.com/bingbot.htm)" "-"
5.123.174.57 - - [22/Jan/2019:04:04:45 +0330] "GET /image/29390?name=photo_2015-11-21_10-14-08.jpg&wh=200x200 HTTP/1.1" 200 4895 "-" "Dalvik/2.1.0 (Linux; U; Android 8.1.0; SM-J710F Build/M1AJQ)" "-"
