66.249.66.91 - - [22/Jan/2019:04:05:23 +0330] "GET /filter/b481%2Cb226%2Cb570%2Cb80%2Cb270%2Cb903%2Cb883%2Cb152%2Cb249%2Cb20%2Cb701%2Cb723%2Cb42%2Cb198%2Cb35%2Cb183%2Cb219%2Cb308%2Cb126%2Cb523%2Cb900%2Cb188%2Cb703%2Cb890%2Cb236%2Cb74%2Cb400%2Cb209%2Cb19%2Cb454%2Cb651%2Cb202%2Cb4%2Cb22%2Cb238%2Cb6%2Cb596%2Cb143%2Cb877%2Cb485%2Cb221%2Cb194%2Cb136%2Cb647%2Cb497%2Cb546%2Cb105%2Cb185%2Cb568%2Cb151%2Cb88%2Cb43%2Cb597%2Cb103%2Cb613%2Cb880%2Cb212%2Cb861%2Cb148%2Cb135%2Cb186%2Cb778%2Cb113%2Cb99%2Cb584%2Cb724%2Cb224%2Cb879?page=178 HTTP/1.1" 200 40770 "-" "Mozilla/5.0 (compatible; Googlebot/2.1; +http://www.google.com/bot.html)" "-"
66.249.66.194 - - [22/Jan/2019:04:05:23 +0330] "GET /m/filter/b1%2Cb134%2Cb149%2Cb154%2Cb169%2Cb176%2Cb183%2Cb186%2Cb50%2Cb82%2Cb97%2Cp5666 HTTP/1.1" 200 19306 "-" "Mozilla/5.0 (Linux; Android 6.0.1; Nexus 5X Build/MMB29P) AppleWebKit/537.36 (KHTML, like Gecko) Chrome/41.0.2272.96 Mobile Safari/537.36 (compatible; Googlebot/2.1; +http://www.google.com/bot.html)" "-"
204.18.27.179 - - [22/Jan/2019:04:05:23 +0330] "GET /image/27142?name=mdn76.jpg&wh=200x200 HTTP/1.1" 200 3294 "-" "torob/5 CFNetwork/976 Darwin/18.2.0" "-"
66.249.66.91 - - [22/Jan/2019:04:05:24 +0330] "GET /filter/b36%2Cb41%2Cb598%2Cb168%2Cb103%2Cb614%2Cb88%2Cb19%2Cb194%2Cb35%2Cb321%2Cb5%2Cb261%2Cb442%2Cb484%2Cb723%2Cb573%2Cb192%2Cb724%2Cb435%2Cb183%2Cb542%2Cb135%2Cb63%2Cb497%2Cb619%2Cb613%2Cb126%2Cb74%2Cb441%2Cb568%2Cb880%2Cb647%2Cb185%2Cb584%2Cb224%2Cb213%2Cb3%2Cb570%2Cb198%2Cb256%2Cb238%2Cb485%2Cb574%2Cb186%2Cb548%2Cstexists%2Cb215%2Cb904%2Cb615%2Cb603%2Cb203%2Cb43%2Cb152%2Cb95%2Cb147%2Cb143%2Cb656%2Cb2%2Cb308%2Cb80%2Cb22%2Cb883%2Cb523%2Cb903?page=90 HTTP/1.1" 200 41970 "-" "Mozilla/5.0 (compatible; Googlebot/2.1; +http://www.google.com/bot.html)" "-"
51.15.15.54 - - [22/Jan/2019:04:05:24 +0330] "GET /blog/handy-crafts/etching/tamarisk-etching/ HTTP/1.1" 200 19595 "-" "Barkrowler/0.9 (+http://www.exensa.com/crawl)" "-"
66.249.66.194 - - [22/Jan/2019:04:05:25 +0330] "GET /m/filter/b105,b113,b118,b126,b135,b136,b147,b152,b168,b188,b192,b194,b209,b213,b215,b216,b217,b218,b221,b226,b249,b258,b32,b35,b4,b400,b41,b442,b454,b482,b523,b542,b548,b574,b597,b598,b6,b613,b645,b648,b656,b67,b679,b703,b723,b724,b74,b820,b854,b88,b880,b95,b99,stexists HTTP/1.1" 200 26760 "-" "Mozilla/5.0 (Linux; Android 6.0.1; Nexus 5X Build/MMB29P) AppleWebKit/537.36 (KHTML, like Gecko) Chrome/41.0.2272.96 Mobile Safari/537.36 (compatible; Googlebot/2.1; +http://www.google.com/bot.html)" "-"
66.249.66.91 - - [22/Jan/2019:04:05:25 +0330] "GET /product/24672/51567/%D9%85%D9%87%D8%B1%D9%87-%D8%AF%D8%B3%D8%AA%D8%A8%D9%86%D8%AF-%D8%A7%D9%84%DB%8C%D9%88%D8%B1-%D9%88%D8%A8%D8%B1-%D9%85%D8%AF%D9%84-%D8%A7%D8%B3%D8%AA%DB%8C%D9%84-%D9%85%D8%AF%D9%84-%D8%B4%D8%A7%DB%8C%D9%86-%D9%87%D9%81%D8%AA-%D8%B1%D9%86%DA%AF-Shine-thin-Steel-crystal-AB HTTP/1.1" 200 43474 "-" "Mozilla/5.0 (compatible; Googlebot/2.1; +http://www.google.com/bot.html)" "-"
91.99.72.15 - - [22/Jan/2019:04:05:25 +0330] "GET /product/4151/257/%D8%B3%DB%8C%D9%86%DA%A9-%D8%B8%D8%B1%D9%81%D8%B4%D9%88%DB%8C%DB%8C-%D8%B1%D9%88%DA%A9%D8%A7%D8%B1-%D8%A7%D8%B3%D8%AA%DB%8C%D9%84-%D8%A7%D9%84%D8%A8%D8%B1%D8%B2-%D9%85%D8%AF%D9%84-%D8%B7%D8%B1%D8%AD-%D9%BE%D8%B1%D9%88%D8%A7%D9%86%D9%87-220-50 HTTP/1.1" 200 42741 "-" "Mozilla/5.0 (Windows NT 6.2; Win64; x64; rv:16.0)Gecko/16.0 Firefox/16.0" "-"
91.99.72.15 - - [22/Jan/2019:04:05:26 +0330] "GET /product/29445/58879/%D9%85%D8%A7%D8%B4%DB%8C%D9%86-%D8%A7%D8%B5%D9%84%D8%A7%D8%AD-%D8%A8%D8%AF%D9%86-%D8%A8%D8%B1%D8%A7%D9%88%D9%86-%D9%85%D8%AF%D9%84-BG5010 HTTP/1.1" 200 42036 "-" "Mozilla/5.0 (Macintosh; Intel Mac OS X 10_7_3) AppleWebKit/534.55.3 (KHTML, like Gecko) Version/5.1.3 Safari/534.53.10" "-"
54.36.148.40 - - [22/Jan/2019:04:05:26 +0330] "GET /blog/tag/%D9%81%D8%B5%D9%84-%D9%BE%D8%A7%DB%8C%DB%8C%D8%B2/ HTTP/1.1" 200 19580 "-" "Mozilla/5.0 (compatible; AhrefsBot/6.1; +http://ahrefs.com/robot/)" "-"
54.36.148.38 - - [22/Jan/2019:04:05:26 +0330] "GET /blog/digital-supplies/cell-phone/page/92/ HTTP/1.1" 200 21342 "-" "Mozilla/5.0 (compatible; AhrefsBot/6.1; +http://ahrefs.com/robot/)" "-"
66.249.66.194 - - [22/Jan/2019:04:05:27 +0330] "GET /m/filter/p18%2Cv1%7C%D8%B3%D9%81%DB%8C%D8%AF%2Cb215%2Cb88 HTTP/1.1" 302 0 "-" "Mozilla/5.0 (compatible; Googlebot/2.1; +http://www.google.com/bot.html)" "-"
91.99.72.15 - - [22/Jan/2019:04:05:27 +0330] "GET /product/12923?model=21506 HTTP/1.1" 200 40325 "-" "Mozilla/5.0 (X11; Linux x86_64) AppleWebKit/537.36 (KHTML, like Gecko) Chrome/53.0.2785.92 Safari/537.36" "-"
5.211.97.39 - - [22/Jan/2019:04:05:27 +0330] "GET /m/browse/appliances/%D9%84%D9%88%D8%A7%D8%B2%D9%85-%D9%85%D9%86%D8%B2%D9%84 HTTP/1.1" 200 16640 "https://www.zanbil.ir/m/browse/home-appliances/%D9%84%D9%88%D8%A7%D8%B2%D9%85-%D8%AE%D8%A7%D9%86%DA%AF%DB%8C" "Mozilla/5.0 (iPhone; CPU iPhone OS 10_3_2 like Mac OS X) AppleWebKit/603.2.4 (KHTML, like Gecko) Version/10.0 Mobile/14F89 Safari/602.1" "-"
66.249.66.194 - - [22/Jan/2019:04:05:27 +0330] "GET /m/filter?f=b183%2Cb168%2Cb212&o=b HTTP/1.1" 302 0 "-" "Mozilla/5.0 (compatible; Googlebot/2.1; +http://www.google.com/bot.html)" "-"
5.211.97.39 - - [22/Jan/2019:04:05:27 +0330] "GET /settings/logo HTTP/1.1" 200 4120 "https://www.zanbil.ir/m/browse/appliances/%D9%84%D9%88%D8%A7%D8%B2%D9%85-%D9%85%D9%86%D8%B2%D9%84" "Mozilla/5.0 (iPhone; CPU iPhone OS 10_3_2 like Mac OS X) AppleWebKit/603.2.4 (KHTML, like Gecko) Version/10.0 Mobile/14F89 Safari/602.1" "-"
5.211.97.39 - - [22/Jan/2019:04:05:28 +0330] "HEAD /amp_preconnect_polyfill_404_or_other_error_expected._Do_not_worry_about_it?1548117540000 HTTP/1.1" 404 0 "https://www.zanbil.ir/m/browse/appliances/%D9%84%D9%88%D8%A7%D8%B2%D9%85-%D9%85%D9%86%D8%B2%D9%84" "Mozilla/5.0 (iPhone; CPU iPhone OS 10_3_2 like Mac OS X) AppleWebKit/603.2.4 (KHTML, like Gecko) Version/10.0 Mobile/14F89 Safari/602.1" "-"
66.249.66.194 - - [22/Jan/2019:04:05:28 +0330] "GET /filter/b183%2Cb168%2Cb212?o=b HTTP/1.1" 302 0 "-" "Mozilla/5.0 (compatible; Googlebot/2.1; +http://www.google.com/bot.html)" "-"
207.46.13.136 - - [22/Jan/2019:04:05:28 +0330] "GET /filter/b135%2Cb574%2Cb878 HTTP/1.1" 200 37038 "-" "Mozilla/5.0 (compatible; bingbot/2.0; +http://www.bing.com/bingbot.htm)" "-"
204.18.27.179 - - [22/Jan/2019:04:05:28 +0330] "GET /image/33888?name=model-b2048u-1-.jpg&wh=200x200 HTTP/1.1" 200 3975 "-" "torob/5 CFNetwork/976 Darwin/18.2.0" "-"
91.99.72.15 - - [22/Jan/2019:04:05:28 +0330] "GET /product/29025/58180/%D8%B5%D9%86%D8%AF%D9%84%DB%8C-%D8%A2%D8%B2%D9%85%D8%A7%DB%8C%D8%B4%DA%AF%D8%A7%D9%87%DB%8C-%D9%84%DB%8C%D9%88-%D9%85%D8%AF%D9%84-Q12 HTTP/1.1" 200 42191 "-" "Mozilla/5.0 (X11; Linux x86_64) AppleWebKit/537.36 (KHTML, like Gecko) Chrome/53.0.2785.92 Safari/537.36" "-"
66.249.66.194 - - [22/Jan/2019:04:05:29 +0330] "GET /filter/p18%2Cv1%7C%D8%B3%D9%81%DB%8C%D8%AF%2Cb215%2Cb88 HTTP/1.1" 200 33214 "-" "Mozilla/5.0 (compatible; Googlebot/2.1; +http://www.google.com/bot.html)" "-"
66.249.66.194 - - [22/Jan/2019:04:05:30 +0330] "GET /filter/b183%2Cb168%2Cb212 HTTP/1.1" 200 36788 "-" "Mozilla/5.0 (compatible; Googlebot/2.1; +http://www.google.com/bot.html)" "-"
66.249.66.194 - - [22/Jan/2019:04:05:30 +0330] "GET /m/filter/b236,b440,b485,stexists HTTP/1.1" 200 22198 "-" "Mozilla/5.0 (Linux; Android 6.0.1; Nexus 5X Build/MMB29P) AppleWebKit/537.36 (KHTML, like Gecko) Chrome/41.0.2272.96 Mobile Safari/537.36 (compatible; Googlebot/2.1; +http://www.google.com/bot.html)" "-"
207.46.13.136 - - [22/Jan/2019:04:05:31 +0330] "GET /filter/b1%2Cb391%2Cb43 HTTP/1.1" 200 37594 "-" "Mozilla/5.0 (compatible; bingbot/2.0; +http://www.bing.com/bingbot.htm)" "-"
66.249.66.91 - - [22/Jan/2019:04:05:31 +0330] "GET /filter/b481%2Cb874%2Cb32%2Cb67%2Cb36%2Cb226%2Cb41%2Cb136%2Cb570%2Cb598%2Cb180%2Cb615%2Cb168%2Cb648%2Cb103%2Cb80%2Cb213%2Cb597%2Cb724%2Cb613%2Cb135%2Cb877%2Cb183%2Cb497%2Cb435%2Cb194%2Cb861%2Cb256%2Cb854%2Cb198%2Cb647%2Cb679%2Cb88%2Cb441%2Cb6%2Cb221%2Cb645%2Cb219%2Cb50%2Cb151%2Cb192%2Cstexists%2Cb203%2Cb202?page=16 HTTP/1.1" 200 40868 "-" "Mozilla/5.0 (compatible; Googlebot/2.1; +http://www.google.com/bot.html)" "-"
17.58.102.43 - - [22/Jan/2019:04:05:31 +0330] "GET /filter?f=b211%2Cb408%2Cb228%2Cb320%2Cb591%2Cb401%2Cb254%2Cb225%2Cb450%2Cb424%2Cb315%2Cb226&o=b HTTP/1.1" 302 0 "-" "Mozilla/5.0 (Macintosh; Intel Mac OS X 10_10_1) AppleWebKit/600.2.5 (KHTML, like Gecko) Version/8.0.2 Safari/600.2.5 (Applebot/0.1; +http://www.apple.com/go/applebot)" "-"
66.249.66.194 - - [22/Jan/2019:04:05:32 +0330] "GET /m/product/33423/%D9%85%DB%8C%D8%B2-%D8%AA%D9%84%D9%88%DB%8C%D8%B2%DB%8C%D9%88%D9%86-%D8%B3%D8%A7%D9%85-%D9%85%DB%8C%D8%AA-%D9%85%D8%AF%D9%84-SM870 HTTP/1.1" 200 20426 "-" "Mozilla/5.0 (Linux; Android 6.0.1; Nexus 5X Build/MMB29P) AppleWebKit/537.36 (KHTML, like Gecko) Chrome/41.0.2272.96 Mobile Safari/537.36 (compatible; Googlebot/2.1; +http://www.google.com/bot.html)" "-"
66.249.66.194 - - [22/Jan/2019:04:05:32 +0330] "GET /m/filter/p6%2Cb41%2Cb2%2Cv288%7C8%20%DA%A9%DB%8C%D9%84%D9%88%DA%AF%D8%B1%D9%85?o=v288 HTTP/1.1" 302 0 "-" "Mozilla/5.0 (compatible; Googlebot/2.1; +http://www.google.com/bot.html)" "-"
66.249.66.194 - - [22/Jan/2019:04:05:32 +0330] "GET /filter/p6%2Cb41%2Cb2%2Cv288%7C8%20%DA%A9%DB%8C%D9%84%D9%88%DA%AF%D8%B1%D9%85?o=v288 HTTP/1.1" 302 0 "-" "Mozilla/5.0 (compatible; Googlebot/2.1; +http://www.google.com/bot.html)" "-"
66.249.66.194 - - [22/Jan/2019:04:05:33 +0330] "GET /m/filter/b1,b103,b126,b168,b183,b185,b19,b192,b213,b219,b224,b238,b261,b3,b321,b35,b36,b41,b43,b435,b441,b484,b497,b542,b568,b598,b6,b613,b614,b619,b63,b647,b703,b723,b724,b74,b778,b80,b878,b88,b880,b95,b99,stexists HTTP/1.1" 200 26595 "-" "Mozilla/5.0 (Linux; Android 6.0.1; Nexus 5X Build/MMB29P) AppleWebKit/537.36 (KHTML, like Gecko) Chrome/41.0.2272.96 Mobile Safari/537.36 (compatible; Googlebot/2.1; +http://www.google.com/bot.html)" "-"
5.117.226.85 - - [22/Jan/2019:04:05:33 +0330] "GET /image/11947?name=11947-1-fw.jpg&wh=200x200 HTTP/1.1" 200 4167 "-" "Dalvik/2.1.0 (Linux; U; Android 6.0.1; SM-J500H Build/MMB29M)" "-"
66.249.66.91 - - [22/Jan/2019:04:05:33 +0330] "GET /filter/b656%2Cb703%2Cb32%2Cb67%2Cb226%2Cb41%2Cb598%2Cb168%2Cb723%2Cb597%2Cb88%2Cb548%2Cb6%2Cb679%2Cb215%2Cb105%2Cb194%2Cb74%2Cb542%2Cb35%2Cb113%2Cb820%2Cb574%2Cb442%2Cb880%2Cb645%2Cb724%2Cb118%2Cb482%2Cb400%2Cb95%2Cb135%2Cb249%2Cb435%2Cb221%2Cb523%2Cb854%2Cb126%2Cstexists%2Cb216%2Cb217%2Cb152%2Cb99%2Cb188%2Cb209%2Cb192%2Cb213%2Cb136%2Cb218%2Cb4%2Cb648%2Cb701%2Cb20%2Cb573%2Cb647%2Cb874%2Cb8?page=6 HTTP/1.1" 200 41452 "-" "Mozilla/5.0 (compatible; Googlebot/2.1; +http://www.google.com/bot.html)" "-"
69.162.124.229 - - [22/Jan/2019:04:05:34 +0330] "HEAD / HTTP/1.1" 301 0 "http://www.zanbil.ir" "Mozilla/5.0+(compatible; UptimeRobot/2.0; http://www.uptimerobot.com/)" "-"
66.249.66.194 - - [22/Jan/2019:04:05:34 +0330] "GET /filter/p6%2Cb41%2Cb2%2Cv288%7C8%20%DA%A9%DB%8C%D9%84%D9%88%DA%AF%D8%B1%D9%85 HTTP/1.1" 200 35031 "-" "Mozilla/5.0 (compatible; Googlebot/2.1; +http://www.google.com/bot.html)" "-"
207.46.13.136 - - [22/Jan/2019:04:05:34 +0330] "GET /filter/b1,b136,b152,b186,b238 HTTP/1.1" 200 37745 "-" "Mozilla/5.0 (compatible; bingbot/2.0; +http://www.bing.com/bingbot.htm)" "-"
5.211.97.39 - - [22/Jan/2019:04:05:34 +0330] "GET /m/browse/iron/%D8%A7%D8%AA%D9%88 HTTP/1.1" 200 19748 "https://www.zanbil.ir/m/browse/appliances/%D9%84%D9%88%D8%A7%D8%B2%D9%85-%D9%85%D9%86%D8%B2%D9%84" "Mozilla/5.0 (iPhone; CPU iPhone OS 10_3_2 like Mac OS X) AppleWebKit/603.2.4 (KHTML, like Gecko) Version/10.0 Mobile/14F89 Safari/602.1" "-"
5.211.97.39 - - [22/Jan/2019:04:05:35 +0330] "GET /settings/logo HTTP/1.1" 200 4120 "https://www.zanbil.ir/m/browse/iron/%D8%A7%D8%AA%D9%88" "Mozilla/5.0 (iPhone; CPU iPhone OS 10_3_2 like Mac OS X) AppleWebKit/603.2.4 (KHTML, like Gecko) Version/10.0 Mobile/14F89 Safari/602.1" "-"
5.211.97.39 - - [22/Jan/2019:04:05:35 +0330] "GET /image/63745/productModel/200x200 HTTP/1.1" 200 3166 "https://www.zanbil.ir/m/browse/iron/%D8%A7%D8%AA%D9%88" "Mozilla/5.0 (iPhone; CPU iPhone OS 10_3_2 like Mac OS X) AppleWebKit/603.2.4 (KHTML, like Gecko) Version/10.0 Mobile/14F89 Safari/602.1" "-"
17.58.102.43 - - [22/Jan/2019:04:05:35 +0330] "GET /filter/b211%2Cb408%2Cb228%2Cb320%2Cb591%2Cb401%2Cb254%2Cb225%2Cb450%2Cb424%2Cb315%2Cb226 HTTP/1.1" 200 37626 "-" "Mozilla/5.0 (Macintosh; Intel Mac OS X 10_10_1) AppleWebKit/600.2.5 (KHTML, like Gecko) Version/8.0.2 Safari/600.2.5 (Applebot/0.1; +http://www.apple.com/go/applebot)" "-"
5.211.97.39 - - [22/Jan/2019:04:05:35 +0330] "GET /image/65137/productModel/200x200 HTTP/1.1" 200 3672 "https://www.zanbil.ir/m/browse/iron/%D8%A7%D8%AA%D9%88" "Mozilla/5.0 (iPhone; CPU iPhone OS 10_3_2 like Mac OS X) AppleWebKit/603.2.4 (KHTML, like Gecko) Version/10.0 Mobile/14F89 Safari/602.1" "-"
5.211.97.39 - - [22/Jan/2019:04:05:35 +0330] "GET /image/61725/productModel/200x200 HTTP/1.1" 200 5222 "https://www.zanbil.ir/m/browse/iron/%D8%A7%D8%AA%D9%88" "Mozilla/5.0 (iPhone; CPU iPhone OS 10_3_2 like Mac OS X) AppleWebKit/603.2.4 (KHTML, like Gecko) Version/10.0 Mobile/14F89 Safari/602.1" "-"
5.211.97.39 - - [22/Jan/2019:04:05:35 +0330] "GET /image/59598/productModel/200x200 HTTP/1.1" 200 4305 "https://www.zanbil.ir/m/browse/iron/%D8%A7%D8%AA%D9%88" "Mozilla/5.0 (iPhone; CPU iPhone OS 10_3_2 like Mac OS X) AppleWebKit/603.2.4 (KHTML, like Gecko) Version/10.0 Mobile/14F89 Safari/602.1" "-"
5.211.97.39 - - [22/Jan/2019:04:05:35 +0330] "HEAD /amp_preconnect_polyfill_404_or_other_error_expected._Do_not_worry_about_it?1548117540000 HTTP/1.1" 404 0 "https://www.zanbil.ir/m/browse/iron/%D8%A7%D8%AA%D9%88" "Mozilla/5.0 (iPhone; CPU iPhone OS 10_3_2 like Mac OS X) AppleWebKit/603.2.4 (KHTML, like Gecko) Version/10.0 Mobile/14F89 Safari/602.1" "-"
5.211.97.39 - - [22/Jan/2019:04:05:35 +0330] "GET /image/16/productTypeType HTTP/1.1" 200 10949 "https://www.zanbil.ir/m/browse/iron/%D8%A7%D8%AA%D9%88" "Mozilla/5.0 (iPhone; CPU iPhone OS 10_3_2 like Mac OS X) AppleWebKit/603.2.4 (KHTML, like Gecko) Version/10.0 Mobile/14F89 Safari/602.1" "-"
5.211.97.39 - - [22/Jan/2019:04:05:35 +0330] "GET /image/15/productTypeType HTTP/1.1" 200 11014 "https://www.zanbil.ir/m/browse/iron/%D8%A7%D8%AA%D9%88" "Mozilla/5.0 (iPhone; CPU iPhone OS 10_3_2 like Mac OS X) AppleWebKit/603.2.4 (KHTML, like Gecko) Version/10.0 Mobile/14F89 Safari/602.1" "-"
5.211.97.39 - - [22/Jan/2019:04:05:35 +0330] "GET /image/65057/productModel/200x200 HTTP/1.1" 200 4921 "https://www.zanbil.ir/m/browse/iron/%D8%A7%D8%AA%D9%88" "Mozilla/5.0 (iPhone; CPU iPhone OS 10_3_2 like Mac OS X) AppleWebKit/603.2.4 (KHTML, like Gecko) Version/10.0 Mobile/14F89 Safari/602.1" "-"
5.211.97.39 - - [22/Jan/2019:04:05:35 +0330] "GET /image/62354/productModel/200x200 HTTP/1.1" 200 3346 "https://www.zanbil.ir/m/browse/iron/%D8%A7%D8%AA%D9%88" "Mozilla/5.0 (iPhone; CPU iPhone OS 10_3_2 like Mac OS X) AppleWebKit/603.2.4 (KHTML, like Gecko) Version/10.0 Mobile/14F89 Safari/602.1" "-"
69.162.124.229 - - [22/Jan/2019:04:05:35 +0330] "HEAD / HTTP/1.1" 200 0 "http://www.zanbil.ir" "Mozilla/5.0+(compatible; UptimeRobot/2.0; http://www.uptimerobot.com/)" "-"
5.211.97.39 - - [22/Jan/2019:04:05:35 +0330] "GET /image/17/productTypeType HTTP/1.1" 200 11065 "https://www.zanbil.ir/m/browse/iron/%D8%A7%D8%AA%D9%88" "Mozilla/5.0 (iPhone; CPU iPhone OS 10_3_2 like Mac OS X) AppleWebKit/603.2.4 (KHTML, like Gecko) Version/10.0 Mobile/14F89 Safari/602.1" "-"
5.211.97.39 - - [22/Jan/2019:04:05:35 +0330] "GET /image/63750/productModel/200x200 HTTP/1.1" 200 4143 "https://www.zanbil.ir/m/browse/iron/%D8%A7%D8%AA%D9%88" "Mozilla/5.0 (iPhone; CPU iPhone OS 10_3_2 like Mac OS X) AppleWebKit/603.2.4 (KHTML, like Gecko) Version/10.0 Mobile/14F89 Safari/602.1" "-"
5.211.97.39 - - [22/Jan/2019:04:05:35 +0330] "GET /image/46159/productModel/200x200 HTTP/1.1" 200 5894 "https://www.zanbil.ir/m/browse/iron/%D8%A7%D8%AA%D9%88" "Mozilla/5.0 (iPhone; CPU iPhone OS 10_3_2 like Mac OS X) AppleWebKit/603.2.4 (KHTML, like Gecko)