86.55.185.143 - - [22/Jan/2019:04:04:45 +0330] "GET /static/images/guarantees/goodShopping.png HTTP/1.1" 200 6496 "https://www.zanbil.ir/m/product/23040/59396/%D9%85%D8%A7%D8%B4%DB%8C%D9%86-%D8%A7%D8%B5%D9%84%D8%A7%D8%AD-%D8%A8%D8%AF%D9%86-%D9%BE%D8%B1%D9%86%D8%B3%D9%84%DB%8C-%D9%85%D8%AF%D9%84-PR451AT" "Mozilla/5.0 (Linux; Android 6.0.1; SAMSUNG SM-C7000 Build/MMB29M) AppleWebKit/537.36 (KHTML, like Gecko) SamsungBrowser/7.4 Chrome/59.0.3071.125 Mobile Safari/537.36" "-"
86.55.185.143 - - [22/Jan/2019:04:04:45 +0330] "GET /static/images/guarantees/warranty.png HTTP/1.1" 200 5807 "https://www.zanbil.ir/m/product/23040/59396/%D9%85%D8%A7%D8%B4%DB%8C%D9%86-%D8%A7%D8%B5%D9%84%D8%A7%D8%AD-%D8%A8%D8%AF%D9%86-%D9%BE%D8%B1%D9%86%D8%B3%D9%84%DB%8C-%D9%85%D8%AF%D9%84-PR451AT" "Mozilla/5.0 (Linux; Android 6.0.1; SAMSUNG SM-C7000 Build/MMB29M) AppleWebKit/537.36 (KHTML, like Gecko) SamsungBrowser/7.4 Chrome/59.0.3071.125 Mobile Safari/537.36" "-"
86.55.185.143 - - [22/Jan/2019:04:04:45 +0330] "GET /static/css/font/wyekan/font.woff HTTP/1.1" 200 28536 "https://www.zanbil.ir/m/product/23040/59396/%D9%85%D8%A7%D8%B4%DB%8C%D9%86-%D8%A7%D8%B5%D9%84%D8%A7%D8%AD-%D8%A8%D8%AF%D9%86-%D9%BE%D8%B1%D9%86%D8%B3%D9%84%DB%8C-%D9%85%D8%AF%D9%84-PR451AT" "Mozilla/5.0 (Linux; Android 6.0.1; SAMSUNG SM-C7000 Build/MMB29M) AppleWebKit/537.36 (KHTML, like Gecko) SamsungBrowser/7.4 Chrome/59.0.3071.125 Mobile Safari/537.36" "-"
86.55.185.143 - - [22/Jan/2019:04:04:45 +0330] "GET /static/images/guarantees/bestPrice.png HTTP/1.1" 200 7356 "https://www.zanbil.ir/m/product/23040/59396/%D9%85%D8%A7%D8%B4%DB%8C%D9%86-%D8%A7%D8%B5%D9%84%D8%A7%D8%AD-%D8%A8%D8%AF%D9%86-%D9%BE%D8%B1%D9%86%D8%B3%D9%84%DB%8C-%D9%85%D8%AF%D9%84-PR451AT" "Mozilla/5.0 (Linux; Android 6.0.1; SAMSUNG SM-C7000 Build/MMB29M) AppleWebKit/537.36 (KHTML, like Gecko) SamsungBrowser/7.4 Chrome/59.0.3071.125 Mobile Safari/537.36" "-"
86.55.185.143 - - [22/Jan/2019:04:04:45 +0330] "GET /static/images/guarantees/support.png HTTP/1.1" 200 6454 "https://www.zanbil.ir/m/product/23040/59396/%D9%85%D8%A7%D8%B4%DB%8C%D9%86-%D8%A7%D8%B5%D9%84%D8%A7%D8%AD-%D8%A8%D8%AF%D9%86-%D9%BE%D8%B1%D9%86%D8%B3%D9%84%DB%8C-%D9%85%D8%AF%D9%84-PR451AT" "Mozilla/5.0 (Linux; Android 6.0.1; SAMSUNG SM-C7000 Build/MMB29M) AppleWebKit/537.36 (KHTML, like Gecko) SamsungBrowser/7.4 Chrome/59.0.3071.125 Mobile Safari/537.36" "-"
86.55.185.143 - - [22/Jan/2019:04:04:45 +0330] "GET /static/images/guarantees/fastDelivery.png HTTP/1.1" 200 7713 "https://www.zanbil.ir/m/product/23040/59396/%D9%85%D8%A7%D8%B4%DB%8C%D9%86-%D8%A7%D8%B5%D9%84%D8%A7%D8%AD-%D8%A8%D8%AF%D9%86-%D9%BE%D8%B1%D9%86%D8%B3%D9%84%DB%8C-%D9%85%D8%AF%D9%84-PR451AT" "Mozilla/5.0 (Linux; Android 6.0.1; SAMSUNG SM-C7000 Build/MMB29M) AppleWebKit/537.36 (KHTML, like Gecko) SamsungBrowser/7.4 Chrome/59.0.3071.125 Mobile Safari/537.36" "-"
5.211.97.39 - - [22/Jan/2019:04:04:46 +0330] "GET /m/browse/home-appliances/%D9%84%D9%88%D8%A7%D8%B2%D9%85-%D8%AE%D8%A7%D9%86%DA%AF%DB%8C HTTP/1.1" 200 16994 "https://www.zanbil.ir/m/browse/beverage-preperation-and-storage/%D8%AA%D9%87%DB%8C%D9%87-%D9%88-%D9%86%DA%AF%D9%87%D8%AF%D8%A7%D8%B1%DB%8C-%D9%86%D9%88%D8%B4%DB%8C%D8%AF%D9%86%DB%8C" "Mozilla/5.0 (iPhone; CPU iPhone OS 10_3_2 like Mac OS X) AppleWebKit/603.2.4 (KHTML, like Gecko) Version/10.0 Mobile/14F89 Safari/602.1" "-"
5.211.97.39 - - [22/Jan/2019:04:04:46 +0330] "GET /settings/logo HTTP/1.1" 200 4120 "https://www.zanbil.ir/m/browse/home-appliances/%D9%84%D9%88%D8%A7%D8%B2%D9%85-%D8%AE%D8%A7%D9%86%DA%AF%DB%8C" "Mozilla/5.0 (iPhone; CPU iPhone OS 10_3_2 like Mac OS X) AppleWebKit/603.2.4 (KHTML, like Gecko) Version/10.0 Mobile/14F89 Safari/602.1" "-"
5.211.97.39 - - [22/Jan/2019:04:04:46 +0330] "HEAD /amp_preconnect_polyfill_404_or_other_error_expected._Do_not_worry_about_it?1548117540000 HTTP/1.1" 404 0 "https://www.zanbil.ir/m/browse/home-appliances/%D9%84%D9%88%D8%A7%D8%B2%D9%85-%D8%AE%D8%A7%D9%86%DA%AF%DB%8C" "Mozilla/5.0 (iPhone; CPU iPhone OS 10_3_2 like Mac OS X) AppleWebKit/603.2.4 (KHTML, like Gecko) Version/10.0 Mobile/14F89 Safari/602.1" "-"
91.99.72.15 - - [22/Jan/2019:04:04:46 +0330] "GET /product/5725/6276/%D8%AD%D8%A7%D9%84%D8%AA-%D8%AF%D9%87%D9%86%D8%AF%D9%87-%D9%85%D9%88-%D9%BE%D8%A7%D9%86%D8%A7%D8%B3%D9%88%D9%86%DB%8C%DA%A9-%D9%85%D8%AF%D9%84-EH-KA81 HTTP/1.1" 200 41388 "-" "Mozilla/5.0 (Macintosh; Intel Mac OS X 10_7_3) AppleWebKit/534.55.3 (KHTML, like Gecko) Version/5.1.3 Safari/534.53.10" "-"
86.55.185.143 - - [22/Jan/2019:04:04:46 +0330] "GET /settings/logo HTTP/1.1" 200 4120 "https://www.zanbil.ir/m/product/23040/59396/%D9%85%D8%A7%D8%B4%DB%8C%D9%86-%D8%A7%D8%B5%D9%84%D8%A7%D8%AD-%D8%A8%D8%AF%D9%86-%D9%BE%D8%B1%D9%86%D8%B3%D9%84%DB%8C-%D9%85%D8%AF%D9%84-PR451AT" "Mozilla/5.0 (Linux; Android 6.0.1; SAMSUNG SM-C7000 Build/MMB29M) AppleWebKit/537.36 (KHTML, like Gecko) SamsungBrowser/7.4 Chrome/59.0.3071.125 Mobile Safari/537.36" "-"
17.58.102.43 - - [22/Jan/2019:04:04:46 +0330] "GET /filter/b571%2Cb288%2Cb70%2Cb57%2Cb226%2Cb521%2Cb406%2Cb543%2Cb485%2Cb444%2Cb591%2Cb461%2Cb584%2Cb82%2Cb113%2Cb775 HTTP/1.1" 200 37175 "-" "Mozilla/5.0 (Macintosh; Intel Mac OS X 10_10_1) AppleWebKit/600.2.5 (KHTML, like Gecko) Version/8.0.2 Safari/600.2.5 (Applebot/0.1; +http://www.apple.com/go/applebot)" "-"
86.55.185.143 - - [22/Jan/2019:04:04:47 +0330] "GET /amp-helper-frame.html?appId=a624a1c1-0c93-466a-a546-e146710f97e6&parentOrigin=https://www.zanbil.ir HTTP/1.1" 200 133 "https://www.zanbil.ir/m/product/23040/59396/%D9%85%D8%A7%D8%B4%DB%8C%D9%86-%D8%A7%D8%B5%D9%84%D8%A7%D8%AD-%D8%A8%D8%AF%D9%86-%D9%BE%D8%B1%D9%86%D8%B3%D9%84%DB%8C-%D9%85%D8%AF%D9%84-PR451AT" "Mozilla/5.0 (Linux; Android 6.0.1; SAMSUNG SM-C7000 Build/MMB29M) AppleWebKit/537.36 (KHTML, like Gecko) SamsungBrowser/7.4 Chrome/59.0.3071.125 Mobile Safari/537.36" "-"
86.55.185.143 - - [22/Jan/2019:04:04:47 +0330] "GET /image/23040?name=000252.jpg&wh=max HTTP/1.1" 200 25403 "https://www.zanbil.ir/m/product/23040/59396/%D9%85%D8%A7%D8%B4%DB%8C%D9%86-%D8%A7%D8%B5%D9%84%D8%A7%D8%AD-%D8%A8%D8%AF%D9%86-%D9%BE%D8%B1%D9%86%D8%B3%D9%84%DB%8C-%D9%85%D8%AF%D9%84-PR451AT" "Mozilla/5.0 (Linux; Android 6.0.1; SAMSUNG SM-C7000 Build/MMB29M) AppleWebKit/537.36 (KHTML, like Gecko) SamsungBrowser/7.4 Chrome/59.0.3071.125 Mobile Safari/537.36" "-"
86.55.185.143 - - [22/Jan/2019:04:04:47 +0330] "GET /favicon.ico HTTP/1.1" 200 0 "https://www.zanbil.ir/m/product/23040/59396/%D9%85%D8%A7%D8%B4%DB%8C%D9%86-%D8%A7%D8%B5%D9%84%D8%A7%D8%AD-%D8%A8%D8%AF%D9%86-%D9%BE%D8%B1%D9%86%D8%B3%D9%84%DB%8C-%D9%85%D8%AF%D9%84-PR451AT" "Mozilla/5.0 (Linux; Android 6.0.1; SAMSUNG SM-C7000 Build/MMB29M) AppleWebKit/537.36 (KHTML, like Gecko) SamsungBrowser/7.4 Chrome/59.0.3071.125 Mobile Safari/537.36" "-"
5.123.174.57 - - [22/Jan/2019:04:04:47 +0330] "GET /image/3567?name=1129-d.jpg&wh=200x200 HTTP/1.1" 200 5329 "-" "Dalvik/2.1.0 (Linux; U; Android 8.1.0; SM-J710F Build/M1AJQ)" "-"
91.99.72.15 - - [22/Jan/2019:04:04:47 +0330] "GET /product/26833/54816/%D8%B3%D8%A7%D8%B9%D8%AA-%D9%85%DA%86%DB%8C-%D8%B9%D9%82%D8%B1%D8%A8%D9%87-%D8%A7%DB%8C-%D8%B2%D9%86%D8%A7%D9%86%D9%87-%D8%AA%D8%B1%D8%A7%D8%B3%D8%AA-%D9%85%D8%AF%D9%84-G260-34BBQ HTTP/1.1" 200 41383 "-" "Mozilla/5.0 (Windows NT 6.1; WOW64) AppleWebKit/535.7(KHTML, like Gecko) Chrome/16.0.912.36 Safari/535.7" "-"
54.36.148.60 - - [22/Jan/2019:04:04:48 +0330] "GET /filter/b126,p65,v578|Full%20HD,v582|55%20%D8%A7%DB%8C%D9%86%DA%86 HTTP/1.1" 200 31267 "-" "Mozilla/5.0 (compatible; AhrefsBot/6.1; +http://ahrefs.com/robot/)" "-"
207.46.13.104 - - [22/Jan/2019:04:04:49 +0330] "GET /filter/b1%2Cb148%2Cb19%2Cb218%2Cb80%2Cb321 HTTP/1.1" 200 37951 "-" "Mozilla/5.0 (compatible; bingbot/2.0; +http://www.bing.com/bingbot.htm)" "-"
66.249.66.194 - - [22/Jan/2019:04:04:49 +0330] "GET /filter/b144 HTTP/1.1" 200 35092 "-" "Mozilla/5.0 (compatible; Googlebot/2.1; +http://www.google.com/bot.html)" "-"
66.249.66.91 - - [22/Jan/2019:04:04:49 +0330] "GET /filter/b481%2Cb874%2Cb32%2Cb67%2Cb36%2Cb226%2Cb41%2Cb136%2Cb570%2Cb598%2Cb180%2Cb615%2Cb168%2Cb648%2Cb103%2Cb80%2Cb213%2Cb597%2Cb724%2Cb613%2Cb135%2Cb877%2Cb183%2Cb497%2Cb435%2Cb194%2Cb861%2Cb256%2Cb854%2Cb198%2Cb647%2Cb679%2Cb88%2Cb441%2Cb6%2Cb221%2Cb645%2Cb219%2Cb50%2Cb151%2Cb192%2Cstexists%2Cb203%2Cb202?page=13 HTTP/1.1" 200 39846 "-" "Mozilla/5.0 (compatible; Googlebot/2.1; +http://www.google.com/bot.html)" "-"
207.46.13.136 - - [22/Jan/2019:04:04:49 +0330] "GET /filter?f=b111%2Cb18%2Cb5%2Cb140 HTTP/1.1" 200 35896 "-" "Mozilla/5.0 (compatible; bingbot/2.0; +http://www.bing.com/bingbot.htm)" "-"
66.249.66.91 - - [22/Jan/2019:04:04:49 +0330] "GET /filter/b656%2Cb703%2Cb32%2Cb67%2Cb226%2Cb41%2Cb598%2Cb168%2Cb723%2Cb597%2Cb88%2Cb548%2Cb6%2Cb679%2Cb215%2Cb105%2Cb194%2Cb74%2Cb542%2Cb35%2Cb113%2Cb820%2Cb574%2Cb442%2Cb880%2Cb645%2Cb724%2Cb118%2Cb482%2Cb400%2Cb95%2Cb135%2Cb249%2Cb221%2Cb523%2Cb854%2Cb126%2Cstexists%2Cb216%2Cb217%2Cb152%2Cb99%2Cb188%2Cb209%2Cb192%2Cb213%2Cb136%2Cb218%2Cb4%2Cb648%2Cb454%2Cb147%2Cb258%2Cb883?page=0 HTTP/1.1" 200 41114 "-" "Mozilla/5.0 (compatible; Googlebot/2.1; +http://www.google.com/bot.html)" "-"
5.123.174.57 - - [22/Jan/2019:04:04:49 +0330] "GET /image/33749?name=4000-22.jpg&wh=200x200 HTTP/1.1" 200 4125 "-" "Dalvik/2.1.0 (Linux; U; Android 8.1.0; SM-J710F Build/M1AJQ)" "-"
91.99.72.15 - - [22/Jan/2019:04:04:50 +0330] "GET /product/16892?model=32257 HTTP/1.1" 200 42232 "-" "Mozilla/5.0 (Windows NT 6.2; Win64; x64; rv:16.0)Gecko/16.0 Firefox/16.0" "-"
5.211.110.22 - - [22/Jan/2019:04:04:50 +0330] "GET /image/34004?name=ms93wcr.jpg&wh=200x200 HTTP/1.1" 200 5208 "https://torob.com/p/36edd87d-9e42-4d83-b326-adf761deca4e/%D9%85%D8%A7%DB%8C%DA%A9%D8%B1%D9%88%D9%88%DB%8C%D9%88-%D8%B3%D8%A7%D9%85%D8%B3%D9%88%D9%86%DA%AF-%D9%85%D8%AF%D9%84-ce285-%D8%B8%D8%B1%D9%81%DB%8C%D8%AA-28-%D9%84%DB%8C%D8%AA%D8%B1/" "Mozilla/5.0 (Linux; Android 8.0.0; SM-J600F Build/R16NW) AppleWebKit/537.36 (KHTML, like Gecko) Chrome/64.0.3282.137 Mobile Safari/537.36" "-"
5.160.157.20 - - [22/Jan/2019:04:04:50 +0330] "GET /filter?page=1&f=p20390 HTTP/1.1" 301 178 "-" "Mozilla/5.0 (Windows NT 5.1; rv:8.0) Gecko/20100101 Firefox/8.0" "-"
5.160.157.20 - - [22/Jan/2019:04:04:50 +0330] "GET /filter?f=p62,b7&o=b&page=1 HTTP/1.1" 301 178 "-" "Mozilla/5.0 (Windows NT 5.1; rv:8.0) Gecko/20100101 Firefox/8.0" "-"
54.36.149.4 - - [22/Jan/2019:04:04:50 +0330] "GET /filter/p63%2Cv1%7C%D9%85%D8%B4%DA%A9%DB%8C.%2Cv1%7C%D9%82%D8%B1%D9%85%D8%B2. HTTP/1.1" 200 32931 "-" "Mozilla/5.0 (compatible; AhrefsBot/6.1; +http://ahrefs.com/robot/)" "-"
207.46.13.104 - - [22/Jan/2019:04:04:50 +0330] "GET /filter/b1,b103,b105,b109,b111,b113,b135,b144,b176,b186,b215,b221,b261,b291,b481,b52,b598,b615,b63,b723,b77,b83 HTTP/1.1" 200 38842 "-" "Mozilla/5.0 (compatible; bingbot/2.0; +http://www.bing.com/bingbot.htm)" "-"
5.123.174.57 - - [22/Jan/2019:04:04:50 +0330] "GET /image/20130?name=janome-8600-w.jpg&wh=200x200 HTTP/1.1" 200 4662 "-" "Dalvik/2.1.0 (Linux; U; Android 8.1.0; SM-J710F Build/M1AJQ)" "-"
207.46.13.104 - - [22/Jan/2019:04:04:51 +0330] "GET /filter/b1%2Cb147%2Cb245%2Cb673%2Cb778 HTTP/1.1" 200 36685 "-" "Mozilla/5.0 (compatible; bingbot/2.0; +http://www.bing.com/bingbot.htm)" "-"
207.46.13.104 - - [22/Jan/2019:04:04:51 +0330] "GET /filter/b124%2Cb148%2Cb2%2Cb613%2Cb783?page=25 HTTP/1.1" 200 36542 "-" "Mozilla/5.0 (compatible; bingbot/2.0; +http://www.bing.com/bingbot.htm)" "-"
5.211.97.39 - - [22/Jan/2019:04:04:51 +0330] "GET /m/browse/kitchen-equipment/%D8%AA%D8%AC%D9%87%DB%8C%D8%B2%D8%A7%D8%AA-%D8%A2%D8%B4%D9%BE%D8%B2%D8%AE%D8%A7%D9%86%D9%87 HTTP/1.1" 200 16630 "https://www.zanbil.ir/m/browse/home-appliances/%D9%84%D9%88%D8%A7%D8%B2%D9%85-%D8%AE%D8%A7%D9%86%DA%AF%DB%8C" "Mozilla/5.0 (iPhone; CPU iPhone OS 10_3_2 like Mac OS X) AppleWebKit/603.2.4 (KHTML, like Gecko) Version/10.0 Mobile/14F89 Safari/602.1" "-"
5.211.97.39 - - [22/Jan/2019:04:04:52 +0330] "GET /settings/logo HTTP/1.1" 200 4120 "https://www.zanbil.ir/m/browse/kitchen-equipment/%D8%AA%D8%AC%D9%87%DB%8C%D8%B2%D8%A7%D8%AA-%D8%A2%D8%B4%D9%BE%D8%B2%D8%AE%D8%A7%D9%86%D9%87" "Mozilla/5.0 (iPhone; CPU iPhone OS 10_3_2 like Mac OS X) AppleWebKit/603.2.4 (KHTML, like Gecko) Version/10.0 Mobile/14F89 Safari/602.1" "-"
5.211.97.39 - - [22/Jan/2019:04:04:52 +0330] "GET /image/2597/productType/240x180 HTTP/1.1" 200 13775 "https://www.zanbil.ir/m/browse/kitchen-equipment/%D8%AA%D8%AC%D9%87%DB%8C%D8%B2%D8%A7%D8%AA-%D8%A2%D8%B4%D9%BE%D8%B2%D8%AE%D8%A7%D9%86%D9%87" "Mozilla/5.0 (iPhone; CPU iPhone OS 10_3_2 like Mac OS X) AppleWebKit/603.2.4 (KHTML, like Gecko) Version/10.0 Mobile/14F89 Safari/602.1" "-"
5.211.97.39 - - [22/Jan/2019:04:04:52 +0330] "GET /image/28609/productType/240x180 HTTP/1.1" 200 14830 "https://www.zanbil.ir/m/browse/kitchen-equipment/%D8%AA%D8%AC%D9%87%DB%8C%D8%B2%D8%A7%D8%AA-%D8%A2%D8%B4%D9%BE%D8%B2%D8%AE%D8%A7%D9%86%D9%87" "Mozilla/5.0 (iPhone; CPU iPhone OS 10_3_2 like Mac OS X) AppleWebKit/603.2.4 (KHTML, like Gecko) Version/10.0 Mobile/14F89 Safari/602.1" "-"
5.211.97.39 - - [22/Jan/2019:04:04:52 +0330] "GET /image/2598/productType/240x180 HTTP/1.1" 200 10593 "https://www.zanbil.ir/m/browse/kitchen-equipment/%D8%AA%D8%AC%D9%87%DB%8C%D8%B2%D8%A7%D8%AA-%D8%A2%D8%B4%D9%BE%D8%B2%D8%AE%D8%A7%D9%86%D9%87" "Mozilla/5.0 (iPhone; CPU iPhone OS 10_3_2 like Mac OS X) AppleWebKit/603.2.4 (KHTML, like Gecko) Version/10.0 Mobile/14F89 Safari/602.1" "-"
5.211.97.39 - - [22/Jan/2019:04:04:52 +0330] "HEAD /amp_preconnect_polyfill_404_or_other_error_expected._Do_not_worry_about_it?1548117540000 HTTP/1.1" 404 0 "https://www.zanbil.ir/m/browse/kitchen-equipment/%D8%AA%D8%AC%D9%87%DB%8C%D8%B2%D8%A7%D8%AA-%D8%A2%D8%B4%D9%BE%D8%B2%D8%AE%D8%A7%D9%86%D9%87" "Mozilla/5.0 (iPhone; CPU iPhone OS 10_3_2 like Mac OS X) AppleWebKit/603.2.4 (KHTML, like Gecko) Version/10.0 Mobile/14F89 Safari/602.1" "-"
5.211.97.39 - - [22/Jan/2019:04:04:52 +0330] "GET /image/1392/productType/240x180 HTTP/1.1" 200 12526 "https://www.zanbil.ir/m/browse/kitchen-equipment/%D8%AA%D8%AC%D9%87%DB%8C%D8%B2%D8%A7%D8%AA-%D8%A2%D8%B4%D9%BE%D8%B2%D8%AE%D8%A7%D9%86%D9%87" "Mozilla/5.0 (iPhone; CPU iPhone OS 10_3_2 like Mac OS X) AppleWebKit/603.2.4 (KHTML, like Gecko) Version/10.0 Mobile/14F89 Safari/602.1" "-"
66.249.66.194 - - [22/Jan/2019:04:04:52 +0330] "GET /product/25725/52945/%DA%A9%DB%8C%D9%81+%D9%86%DA%AF%D9%87%D8%AF%D8%A7%D8%B1%D9%86%D8%AF%D9%87+%DA%86%D9%88%D8%A8+%D8%AF%D8%B1%D8%A7%D9%85%D8%B2++Meinl+++%D9%85%D8%B4%DA%A9%DB%8C+%D9%85%D8%AF%D9%84++MC-DSH-JB+Drumstick+Holder+Percussion+Accessories+%D8%A8%D8%A7+%DA%AF%D8%A7%D8%B1%D8%A7%D9%86%D8%AA%DB%8C+%D8%A7%D8%B5%D8%A7%D9%84%D8%AA+%DA%A9%D8%A7%D9%84%D8%A7+%D9%88+%D8%B3%D9%84%D8%A7%D9%85%D8%AA+%D9%81%DB%8C%D8%B2%DB%8C%DA%A9%DB%8C HTTP/1.1" 302 0 "-" "Mozilla/5.0 (Linux; Android 6.0.1; Nexus 5X Build/MMB29P) AppleWebKit/537.36 (KHTML, like Gecko) Chrome/41.0.2272.96 Mobile Safari/537.36 (compatible; Googlebot/2.1; +http://www.google.com/bot.html)" "-"
5.211.97.39 - - [22/Jan/2019:04:04:52 +0330] "GET /image/769/mainSlideMobile HTTP/1.1" 200 62910 "https://www.zanbil.ir/m/browse/kitchen-equipment/%D8%AA%D8%AC%D9%87%DB%8C%D8%B2%D8%A7%D8%AA-%D8%A2%D8%B4%D9%BE%D8%B2%D8%AE%D8%A7%D9%86%D9%87" "Mozilla/5.0 (iPhone; CPU iPhone OS 10_3_2 like Mac OS X) AppleWebKit/603.2.4 (KHTML, like Gecko) Version/10.0 Mobile/14F89 Safari/602.1" "-"
5.211.97.39 - - [22/Jan/2019:04:04:52 +0330] "GET /image/771/mainSlideMobile HTTP/1.1" 200 64027 "https://www.zanbil.ir/m/browse/kitchen-equipment/%D8%AA%D8%AC%D9%87%DB%8C%D8%B2%D8%A7%D8%AA-%D8%A2%D8%B4%D9%BE%D8%B2%D8%AE%D8%A7%D9%86%D9%87" "Mozilla/5.0 (iPhone; CPU iPhone OS 10_3_2 like Mac OS X) AppleWebKit/603.2.4 (KHTML, like Gecko) Version/10.0 Mobile/14F89 Safari/602.1" "-"
91.99.72.15 - - [22/Jan/2019:04:04:52 +0330] "GET /product/30465/60162/%D8%A7%D8%AA%D9%88-%D9%BE%D8%B1%D8%B3%DB%8C-%DA%98%D8%A7%D9%86%D9%88%D9%85%D9%87-%D9%85%D8%AF%D9%84-3100 HTTP/1.1" 200 41691 "-" "Mozilla/5.0 (Windows NT 6.2; Win64; x64; rv:16.0)Gecko/16.0 Firefox/16.0" "-"
86.55.185.143 - - [22/Jan/2019:04:04:52 +0330] "GET /image/5686/productType/120x90 HTTP/1.1" 200 11576 "https://www.zanbil.ir/m/product/23040/59396/%D9%85%D8%A7%D8%B4%DB%8C%D9%86-%D8%A7%D8%B5%D9%84%D8%A7%D8%AD-%D8%A8%D8%AF%D9%86-%D9%BE%D8%B1%D9%86%D8%B3%D9%84%DB%8C-%D9%85%D8%AF%D9%84-PR451AT" "Mozilla/5.0 (Linux; Android 6.0.1; SAMSUNG SM-C7000 Build/MMB29M) AppleWebKit/537.36 (KHTML, like Gecko) SamsungBrowser/7.4 Chrome/59.0.3071.125 Mobile Safari/537.36" "-"
86.55.185.143 - - [22/Jan/2019:04:04:52 +0330] "GET /image/5714/productType/120x90 HTTP/1.1" 200 12465 "https://www.zanbil.ir/m/product/23040/59396/%D9%85%D8%A7%D8%B4%DB%8C%D9%86-%D8%A7%D8%B5%D9%84%D8%A7%D8%AD-%D8%A8%D8%AF%D9%86-%D9%BE%D8%B1%D9%86%D8%B3%D9%84%DB%8C-%D9%85%D8%AF%D9%84-PR451AT" "Mozilla/5.0 (Linux; Android 6.0.1; SAMSUNG SM-C7000 Build/MMB29M) AppleWebKit/537.36 (KHTML, like Gecko) SamsungBrowser/7.4 Chrome/59.0.3071.125 Mobile Safari/537.36" "-"
66.249.66.194 - - [22/Jan/2019:04:04:52 +0330] "GET /m/product/25725/52945/%DA%A9%DB%8C%D9%81%20%D9%86%DA%AF%D9%87%D8%AF%D8%A7%D8%B1%D9%86%D8%AF%D9%87%20%DA%86%D9%88%D8%A8%20%D8%AF%D8%B1%D8%A7%D9%85%D8%B2%20%20Meinl%20%20%20%D9%85%D8%B4%DA%A9%DB%8C%20%D9%85%D8%AF%D9%84%20%20MC-DSH-JB%20Drumstick%20Holder%20Percussion%20Accessories%20%D8%A8%D8%A7%20%DA%AF%D8%A7%D8%B1%D8%A7%D9%86%D8%AA%DB%8C%20%D8%A7%D8%B5%D8%A7%D9%84%D8%AA%20%DA%A9%D8%A7%D9%84%D8%A7%20%D9%88%20%D8%B3%D9%84%D8%A7%D9%85%D8%AA%20%D9%81%DB%8C%D8%B2%DB%8C%DA%A9%DB%8C HTTP/1.1" 404 33754 "-" "Mozilla/5.0 (Linux; Android 6.0.1; Nexus 5X Build/MMB29P) AppleWebKit/537.36 (KHTML, like Gecko) Chrome/41.0.2272.96 Mobile Safari/537.36 (compatible; Googlebot/2.1; +http://www.google.com/bot.html)" "-"
157.55.39.164 - - [22/Jan/2019:04:04:53 +0330] "GET /filter/b135,b67,b97,p2764 HTTP/1.1" 200 28151 "-" "Mozilla/5.0 (compatible; bingbot/2.0; +http://www.bing.com/bingbot.htm)" "-"
207.46.13.104 - - [22/Jan/2019:04:04:53 +0330] "GET /filter/b118,b186,b778,b88 HTTP/1.1" 200 37507 "-" "Mozilla/5.0 (compatible; bingbot/2.0; +http://www.bing.com/bingbot.htm)" "-"
66.249.66.194 - - [22/Jan/2019:04:04:54 +0330] "GET /m/filter/b1,b103,b126,b136,b143,b147,b148,b151,b183,b185,b188,b192,b20,b203,b216,b218,b22,b221,b226,b231,b249,b256,b261,b270,b3,b308,b32,b36,b41,b42,b441,b454,b481,b485,b523,b548,b570,b573,b598,b6,b613,b614,b647,b648,b651,b701,b703,b874,b877,b879,b88,b880,b883,b890,b900,b99,stexists HTTP/1.1" 200 27277 "-" "Mozilla/5.0 (Linux; Android 6.0.1; Nexus 5X Build/MMB29P) AppleWebKit/537.36 (KHTML, like Gecko) Chrome/41.0.2272.96 Mobile Safari/537.36 (compatible; Googlebot/2.1; +http://www.google.com/bot.html)" "-"
86.55.185.143 - - [22/Jan/2019:04:04:54 +0330] "GET /image/5666/productType/120x90 HTTP/1.1" 200 19346 "https://www.zanbil.ir/m/product/23040/59396/%D9%85%D8%A7%D8%B4%DB%8C%D9%86-%D8%A7%D8%B5%D9%84%D8%A7%D8%AD-%D8%A8%D8%AF%D9%86-%D9%BE%D8%B1%D9%86%D8%B3%D9%84%DB%8C-%D9%85%D8%AF%D9%84-PR451AT" "Mozilla/5.0 (Linux; Android 6.0.1; SAMSUNG SM-C7000 Build/MMB29M) AppleWebKit/537.36 (KHTML, like Gecko) SamsungBrowser/7.4 Chrome/59.0.3071.125 Mobile Safari/537.36" "-"
207.46.13.104 - - [22/Jan/2019:04:04:55 +0330] "GET /filter/b482,b50,b645 HTTP/1.1" 200 37055 "-" "Mozilla/5.0 (compatible; bingbot/2.0; +http://www.bing.com/bingbot.htm)" "-"
207.46.13.136 - - [22/Jan/2019:04:04:56 +0330] "GET /filter/b1,b103,b105,b109,b111,b113,b118,b135,b144,b176,b186,b221,b224,b261,b291,b454,b52,b574,b598,b741,b77,b83,b877 HTTP/1.1" 200 38272 "-" "Mozilla/5.0 (compatible; bingbot/2.0; +http://www.bing.com/bingbot.htm)" "-"
66.249.66.194 - - [22/Jan/2019:04:04:56 +0330] "GET /m/filter/b1,b103,b126,b136,b143,b147,b148,b151,b183,b185,b188,b192,b20,b203,b209,b216,b218,b22,b221,b226,b231,b249,b256,b261,b270,b3,b308,b32,b36,b41,b42,b441,b454,b481,b484,b485,b523,b548,b570,b573,b598,b6,b613,b614,b647,b648,b651,b701,b703,b874,b877,b879,b88,b880,b883,b890,b900,b99,stexists HTTP/1.1" 200 27380 "-" "Mozilla/5.0 (Linux; Android 6.0.1; Nexus 5X Build/MMB29P) AppleWebKit/537.36 (KHTML, like Gecko) Chrome/41.0.2272.96 Mobile Safari/537.36 (compatible; Googlebot/2.1; +http://www.google.com/bot.html)" "-"
54.36.148.219 - - [22/Jan/2019:04:04:56 +0330] "GET /filter/p40%2Crf5000000%2Crt10000000%2Cv1%7C%D8%B3%D8%A8%D8%B2%20%D8%B3%D9%81%DB%8C%D8%AF?o=v1 HTTP/1.1" 302 0 "-" "Mozilla/5.0 (compatible; AhrefsBot/6.1; +http://ahrefs.com/robot/)" "-"
66.249.66.91 - - [22/Jan/2019:04:04:56 +0330] "GET /filter/b656%2Cb703%2Cb32%2Cb67%2Cb226%2Cb41%2Cb598%2Cb168%2Cb723%2Cb597%2Cb88%2Cb548%2Cb6%2Cb679%2Cb215%2Cb105%2Cb194%2Cb74%2Cb542%2Cb35%2Cb113%2Cb820%2Cb574%2Cb442%2Cb880%2Cb645%2Cb724%2Cb118%2Cb482%2Cb400%2Cb95%2Cb135%2Cb249%2Cb435%2Cb221%2Cb523%2Cb854%2Cb126%2Cstexists%2Cb216%2Cb217%2Cb152%2Cb99%2Cb188%2Cb209%2Cb192%2Cb213%2Cb136%2Cb218%2Cb4%2Cb546%2Cb603?page=7 HTTP/1.1" 200 40995 "-" "Mozilla/5.0 (compatible; Googlebot/2.1; +http://www.google.com/bot.html)" "-"
66.249.66.91 - - [22/Jan/2019:04:04:56 +0330] "GET /filter/b874%2Cb32%2Cb63%2Cb99%2Cb126%2Cb820%2Cb249%2Cb3%2Cb148%2Cb724%2Cb613%2Cb183%2Cb213%2Cb484%2Cb224%2Cb734%2Cb20%2Cb95%2Cb542%2Cb212%2Cb485%2Cb523%2Cb221%2Cb118%2Cb186%2Cb67%2Cp6213?page=8 HTTP/1.1" 200 37285 "-" "Mozilla/5.0 (compatible; Googlebot/2.1; +http://www.google.com/bot.html)" "-"
5.211.97.39 - - [22/Jan/2019:04:04:56 +0330] "HEAD /amp_preconnect_polyfill_404_or_other_error_expected._Do_not_worry_about_it?1548117540000 HTTP/1.1" 404 0 "https://www.zanbil.ir/m/browse/home-appliances/%D9%84%D9%88%D8%A7%D8%B2%D9%85-%D8%AE%D8%A7%D9%86%DA%AF%DB%8C" "Mozilla/5.0 (iPhone; CPU iPhone OS 10_3_2 like Mac OS X) AppleWebKit/603.2.4 (KHTML, like Gecko) Version/10.0 Mobile/14F89 Safari/602.1" "-"
66.249.66.194 - - [22/Jan/2019:04:04:57 +0330] "GET /m/filter/b105,b126,b136,b143,b148,b152,b183,b185,b186,b188,b19,b192,b194,b198,b20,b202,b209,b215,b219,b22,b221,b226,b236,b238,b249,b270,b3,b308,b35,b4,b400,b41,b42,b43,b435,b454,b481,b485,b497,b546,b568,b570,b584,b596,b597,b598,b6,b614,b619,b645,b648,b651,b67,b701,b723,b724,b74,b80,b82,b820,b854,b874,b877,b88,b883,b890,b900,b903,b99,p51 HTTP/1.1" 200 23212 "-" "Mozilla/5.0 (Linux; Android 6.0.1; Nexus 5X Build/MMB29P) AppleWebKit/537.36 (KHTML, like Gecko) Chrome/41.0.2272.96 Mobile Safari/537.36 (compatible; Googlebot/2.1; +http://www.google.com/bot.html)" "-"
66.249.66.91 - - [22/Jan/2019:04:04:57 +0330] "GET /filter/b656%2Cb703%2Cb32%2Cb67%2Cb226%2Cb41%2Cb598%2Cb168%2Cb723%2Cb597%2Cb88%2Cb548%2Cb6%2Cb679%2Cb215%2Cb105%2Cb194%2Cb74%2Cb542%2Cb35%2Cb113%2Cb820%2Cb574%2Cb442%2Cb880%2Cb645%2Cb724%2Cb118%2Cb482%2Cb400%2Cb95%2Cb135%2Cb249%2Cb435%2Cb221%2Cb523%2Cb854%2Cb126%2Cstexists%2Cb216%2Cb217%2Cb152%2Cb99%2Cb188%2Cb209%2Cb192%2Cb213%2Cb136%2Cb218%2Cb4%2Cb546%2Cb603?page=4 HTTP/1.1" 200 40263 "-" "Mozilla/5.0 (compatible; Googlebot/2.1; +http://www.google.com/bot.html)" "-"
66.249.66.194 - - [22/Jan/2019:04:04:57 +0330] "GET /m/filter/b133 HTTP/1.1" 200 20669 "-" "Mozilla/5.0 (Linux; Android 6.0.1; Nexus 5X Build/MMB29P) AppleWebKit/537.36 (KHTML, like Gecko) Chrome/41.0.2272.96 Mobile Safari/537.36 (compatible; Googlebot/2.1; +http://www.google.com/bot.html)" "-"
5.208.102.126 - - [22/Jan/2019:04:04:57 +0330] "GET /image/27142?name=mdn76.jpg&wh=200x200 HTTP/1.1" 200 3294 "-" "torob/5 CFNetwork/976 Darwin/18.2.0" "-"
207.46.13.104 - - [22/Jan/2019:04:04:58 +0330] "GET /filter/b1,b103,b105,b109,b111,b113,b135,b144,b176,b186,b221,b261,b291,b435,b481,b52,b598,b615,b645,b77,b83,b877 HTTP/1.1" 200 39079 "-" "Mozilla/5.0 (compatible; bingbot/2.0; +http://www.bing.com/bingbot.htm)" "-"
66.249.66.194 - - [22/Jan/2019:04:04:58 +0330] "GET /m/filter/b213,p1 HTTP/1.1" 200 21259 "-" "Mozilla/5.0 (Linux; Android 6.0.1; Nexus 5X Build/MMB29P) AppleWebKit/537.36 (KHTML, like Gecko) Chrome/41.0.2272.96 Mobile Safari/537.36 (compatible; Googlebot/2.1; +http://www.google.com/bot.html)" "-"
66.249.66.194 - - [22/Jan/2019:04:04:59 +0330] "GET /product/34170/65146/%D8%B3%D9%87-%DA%A9%D8%A7%D8%B1%D9%87-%28-%D9%BE%D8%B1%DB%8C%D9%86%D8%AA%D8%B1%D8%8C-%D8%A7%D8%B3%DA%A9%D9%86%D8%B1%D8%8C-%DA%A9%D9%BE%DB%8C-%29-%D8%AC%D9%88%D9%87%D8%B1-%D8%A7%D9%81%D8%B4%D8%A7%D9%86-%DA%A9%D8%A7%D9%86%D9%86-%D9%85%D8%AF%D9%84-PIXMA-G2410 HTTP/1.1" 200 41175 "-" "Mozilla/5.0 (compatible; Googlebot/2.1; +http://www.google.com/bot.html)" "-"
86.55.185.143 - - [22/Jan/2019:04:05:00 +0330] "GET /static/images/amp/instagram.png HTTP/1.1" 200 7146 "https://www.zanbil.ir/m/product/23040/59396/%D9%85%D8%A7%D8%B4%DB%8C%D9%86-%D8%A7%D8%B5%D9%84%D8%A7%D8%AD-%D8%A8%D8%AF%D9%86-%D9%BE%D8%B1%D9%86%D8%B3%D9%84%DB%8C-%D9%85%D8%AF%D9%84-PR451AT" "Mozilla/5.0 (Linux; Android 6.0.1; SAMSUNG SM-C7000 Build/MMB29M) AppleWebKit/537.36 (KHTML, like Gecko) SamsungBrowser/7.4 Chrome/59.0.3071.125 Mobile Safari/537.36" "-"
86.55.185.143 - - [22/Jan/2019:04:05:00 +0330] "GET /static/images/amp/telegram.png HTTP/1.1" 200 4859 "https://www.zanbil.ir/m/product/23040/59396/%D9%85%D8%A7%D8%B4%DB%8C%D9%86-%D8%A7%D8%B5%D9%84%D8%A7%D8%AD-%D8%A8%D8%AF%D9%86-%D9%BE%D8%B1%D9%86%D8%B3%D9%84%DB%8C-%D9%85%D8%AF%D9%84-PR451AT" "Mozilla/5.0 (Linux; Android 6.0.1; SAMSUNG SM-C7000 Build/MMB29M) AppleWebKit/537.36 (KHTML, like Gecko) SamsungBrowser/7.4 Chrome/59.0.3071.125 Mobile Safari/537.36" "-"
86.55.185.143 - - [22/Jan/2019:04:05:00 +0330] "GET /static/images/amp/blog.png HTTP/1.1" 200 3863 "https://www.zanbil.ir/m/product/23040/59396/%D9%85%D8%A7%D8%B4%DB%8C%D9%86-%D8%A7%D8%B5%D9%84%D8%A7%D8%AD-%D8%A8%D8%AF%D9%86-%D9%BE%D8%B1%D9%86%D8%B3%D9%84%DB%8C-%D9%85%D8%AF%D9%84-PR451AT" "Mozilla/5.0 (Linux; Android 6.0.1; SAMSUNG SM-C7000 Build/MMB29M) AppleWebKit/537.36 (KHTML, like Gecko) SamsungBrowser/7.4 Chrome/59.0.3071.125 Mobile Safari/537.36" "-"
86.55.185.143 - - [22/Jan/2019:04:05:00 +0330] "GET /static/images/amp/third-party/footer-mobile.png HTTP/1.1" 200 62894 "https://www.zanbil.ir/m/product/23040/59396/%D9%85%D8%A7%D8%B4%DB%8C%D9%86-%D8%A7%D8%B5%D9%84%D8%A7%D8%AD-%D8%A8%D8%AF%D9%86-%D9%BE%D8%B1%D9%86%D8%B3%D9%84%DB%8C-%D9%85%D8%AF%D9%84-PR451AT" "Mozilla/5.0 (Linux; Android 6.0.1; SAMSUNG SM-C7000 Build/MMB29M) AppleWebKit/537.36 (KHTML, like Gecko) SamsungBrowser/7.4 Chrome/59.0.3071.125 Mobile Safari/537.36" "-"
66.249.66.194 - - [22/Jan/2019:04:05:02 +0330] "GET /search?f=p0&phrase=ksv36a130 HTTP/1.1" 404 33571 "-" "Mozilla/5.0 (compatible; Googlebot/2.1; +http://www.google.com/bot.html)" "-"
91.99.72.15 - - [22/Jan/2019:04:05:02 +0330] "GET /product/28681/57539/%D9%81%D8%B1-%D8%AA%D9%88%DA%A9%D8%A7%D8%B1-%D8%A7%D8%AE%D9%88%D8%A7%D9%86-%D9%85%D8%AF%D9%84-F29 HTTP/1.1" 200 41487 "-" "Mozilla/5.0 (Macintosh; Intel Mac OS X 10_7_3) AppleWebKit/534.55.3 (KHTML, like Gecko) Version/5.1.3 Safari/534.53.10" "-"
5.208.102.126 - - [22/Jan/2019:04:05:03 +0330] "GET /image/33888?name=model-b2048u-1-.jpg&wh=200x200 HTTP/1.1" 200 3975 "-" "torob/5 CFNetwork/976 Darwin/18.2.0" "-"
91.99.72.15 - - [22/Jan/2019:04:05:04 +0330] "GET /product/28749?model=57633 HTTP/1.1" 200 42198 "-" "Mozilla/5.0 (X11; Linux x86_64) AppleWebKit/537.36 (KHTML, like Gecko) Chrome/53.0.2785.92 Safari/537.36" "-"
54.36.148.198 - - [22/Jan/2019:04:05:05 +0330] "GET /filter/1020%7C6.5%20%D9%84%DB%8C%D8%AA%D8%B1%2Cp1237%2C1020%7C13%20%D9%84%DB%8C%D8%AA%D8%B1 HTTP/1.1" 200 31599 "-" "Mozilla/5.0 (compatible; AhrefsBot/6.1; +http://ahrefs.com/robot/)" "-"
66.249.66.194 - - [22/Jan/2019:04:05:05 +0330] "GET /m/filter/b1,b103,b113,b135,b136,b148,b168,b180,b194,b198,b2,b20,b202,b212,b218,b219,b226,b256,b261,b3,b32,b36,b41,b43,b441,b481,b482,b484,b497,b5,b523,b542,b546,b570,b597,b613,b615,b648,b656,b67,b679,b723,b724,b80,b874,b877 HTTP/1.1" 200 26720 "-" "Mozilla/5.0 (Linux; Android 6.0.1; Nexus 5X Build/MMB29P) AppleWebKit/537.36 (KHTML, like Gecko) Chrome/41.0.2272.96 Mobile Safari/537.36 (compatible; Googlebot/2.1; +http://www.google.com/bot.html)" "-"
5.211.97.39 - - [22/Jan/2019:04:05:05 +0330] "GET /m/browse/appliances/%D9%84%D9%88%D8%A7%D8%B2%D9%85-%D9%85%D9%86%D8%B2%D9%84 HTTP/1.1" 200 16647 "https://www.zanbil.ir/m/browse/home-appliances/%D9%84%D9%88%D8%A7%D8%B2%D9%85-%D8%AE%D8%A7%D9%86%DA%AF%DB%8C" "Mozilla/5.0 (iPhone; CPU iPhone OS 10_3_2 like Mac OS X) AppleWebKit/603.2.4 (KHTML, like Gecko) Version/10.0 Mobile/14F89 Safari/602.1" "-"
5.211.97.39 - - [22/Jan/2019:04:05:05 +0330] "GET /settings/logo HTTP/1.1" 200 4120 "https://www.zanbil.ir/m/browse/appliances/%D9%84%D9%88%D8%A7%D8%B2%D9%85-%D9%85%D9%86%D8%B2%D9%84" "Mozilla/5.0 (iPhone; CPU iPhone OS 10_3_2 like Mac OS X) AppleWebKit/603.2.4 (KHTML, like Gecko) Version/10.0 Mobile/14F89 Safari/602.1" "-"
5.211.97.39 - - [22/Jan/2019:04:05:05 +0330] "GET /image/4515/productType/240x180 HTTP/1.1" 200 14266 "https://www.zanbil.ir/m/browse/appliances/%D9%84%D9%88%D8%A7%D8%B2%D9%85-%D9%85%D9%86%D8%B2%D9%84" "Mozilla/5.0 (iPhone; CPU iPhone OS 10_3_2 like Mac OS X) AppleWebKit/603.2.4 (KHTML, like Gecko) Version/10.0 Mobile/14F89 Safari/602.1" "-"
5.211.97.39 - - [22/Jan/2019:04:05:05 +0330] "GET /image/1422/productType/240x180 HTTP/1.1" 200 8281 "https://www.zanbil.ir/m/browse/appliances/%D9%84%D9%88%D8%A7%D8%B2%D9%85-%D9%85%D9%86%D8%B2%D9%84" "Mozilla/5.0 (iPhone; CPU iPhone OS 10_3_2 like Mac OS X) AppleWebKit/603.2.4 (KHTML, like Gecko) Version/10.0 Mobile/14F89 Safari/602.1" "-"
5.211.97.39 - - [22/Jan/2019:04:05:05 +0330] "GET /image/49/productType/240x180 HTTP/1.1" 200 11924 "https://www.zanbil.ir/m/browse/appliances/%D9%84%D9%88%D8%A7%D8%B2%D9%85-%D9%85%D9%86%D8%B2%D9%84" "Mozilla/5.0 (iPhone; CPU iPhone OS 10_3_2 like Mac OS X) AppleWebKit/603.2.4 (KHTML, like Gecko) Version/10.0 Mobile/14F89 Safari/602.1" "-"
5.211.97.39 - - [22/Jan/2019:04:05:05 +0330] "GET /image/48/productType/240x180 HTTP/1.1" 200 9054 "https://www.zanbil.ir/m/browse/appliances/%D9%84%D9%88%D8%A7%D8%B2%D9%85-%D9%85%D9%86%D8%B2%D9%84" "Mozilla/5.0 (iPhone; CPU iPhone OS 10_3_2 like Mac OS X) AppleWebKit/603.2.4 (KHTML, like Gecko) Version/10.0 Mobile/14F89 Safari/602.1" "-"
5.211.97.39 - - [22/Jan/2019:04:05:05 +0330] "HEAD /amp_preconnect_polyfill_404_or_other_error_expected._Do_not_worry_about_it?1548117540000 HTTP/1.1" 404 0 "https://www.zanbil.ir/m/browse/appliances/%D9%84%D9%88%D8%A7%D8%B2%D9%85-%D9%85%D9%86%D8%B2%D9%84" "Mozilla/5.0 (iPhone; CPU iPhone OS 10_3_2 like Mac OS X) AppleWebKit/603.2.4 (KHTML, like Gecko) Version/10.0 Mobile/14F89 Safari/602.1" "-"
5.211.97.39 - - [22/Jan/2019:04:05:06 +0330] "GET /image/797/mainSlideMobile HTTP/1.1" 200 59758 "https://www.zanbil.ir/m/browse/appliances/%D9%84%D9%88%D8%A7%D8%B2%D9%85-%D9%85%D9%86%D8%B2%D9%84" "Mozilla/5.0 (iPhone; CPU iPhone OS 10_3_2 like Mac OS X) AppleWebKit/603.2.4 (KHTML, like Gecko) Version/10.0 Mobile/14F89 Safari/602.1" "-"
5.211.97.39 - - [22/Jan/2019:04:05:06 +0330] "GET /image/788/mainSlideMobile HTTP/1.1" 200 60795 "https://www.zanbil.ir/m/browse/appliances/%D9%84%D9%88%D8%A7%D8%B2%D9%85-%D9%85%D9%86%D8%B2%D9%84" "Mozilla/5.0 (iPhone; CPU iPhone OS 10_3_2 like Mac OS X) AppleWebKit/603.2.4 (KHTML, like Gecko) Version/10.0 Mobile/14F89 Safari/602.1" "-"
91.99.72.15 - - [22/Jan/2019:04:05:06 +0330] "GET /product/29770/59261/%D9%85%D8%A8%D9%84-%D8%A7%D8%AF%D8%A7%D8%B1%DB%8C-%D8%B3%D9%87-%D9%86%D9%81%D8%B1%D9%87-%D8%A7%D8%B1%D9%88%D9%86%D8%AF-%D9%85%D8%AF%D9%84-4012 HTTP/1.1" 200 41382 "-" "Mozilla/5.0 (Macintosh; Intel Mac OS X 10_7_3) AppleWebKit/534.55.3 (KHTML, like Gecko) Version/5.1.3 Safari/534.53.10" "-"
5.211.97.39 - - [22/Jan/2019:04:05:06 +0330] "GET /image/783/mainSlideMobile HTTP/1.1" 200 64542 "https://www.zanbil.ir/m/browse/appliances/%D9%84%D9%88%D8%A7%D8%B2%D9%85-%D9%85%D9%86%D8%B2%D9%84" "Mozilla/5.0 (iPhone; CPU iPhone OS 10_3_2 like Mac OS X) AppleWebKit/603.2.4 (KHTML, like Gecko) Version/10.0 Mobile/14F89 Safari/602.1" "-"
66.249.66.91 - - [22/Jan/2019:04:05:06 +0330] "GET /filter/b703%2Cb36%2Cb41%2Cb598%2Cb168%2Cb103%2Cb614%2Cb88%2Cb19%2Cb194%2Cb321%2Cb5%2Cb261%2Cb442%2Cb484%2Cb723%2Cb573%2Cb192%2Cb724%2Cb1%2Cb435%2Cb183%2Cb542%2Cb135%2Cb878%2Cb63%2Cb497%2Cb619%2Cb219%2Cb126%2Cb74%2Cb151%2Cb441%2Cb568%2Cb880%2Cb647%2Cb185%2Cb224%2Cb213%2Cb50%2Cb3%2Cb231%2Cb99%2Cb238%2Cb82%2Cb215%2Cb95%2Cb218?page=18 HTTP/1.1" 200 40273 "-" "Mozilla/5.0 (compatible; Googlebot/2.1; +http://www.google.com/bot.html)" "-"
66.249.66.91 - - [22/Jan/2019:04:05:06 +0330] "GET /filter/b481%2Cb874%2Cb32%2Cb67%2Cb36%2Cb226%2Cb41%2Cb136%2Cb570%2Cb598%2Cb180%2Cb615%2Cb168%2Cb648%2Cb103%2Cb80%2Cb213%2Cb597%2Cb724%2Cb613%2Cb135%2Cb877%2Cb183%2Cb497%2Cb435%2Cb194%2Cb861%2Cb256%2Cb854%2Cb198%2Cb647%2Cb679%2Cb88%2Cb441%2Cb6%2Cb221%2Cb645%2Cb219%2Cb50%2Cb151%2Cb192%2Cstexists%2Cb203%2Cb202?page=10 HTTP/1.1" 200 40926 "-" "Mozilla/5.0 (compatible; Googlebot/2.1; +http://www.google.com/bot.html)" "-"
207.46.13.104 - - [22/Jan/2019:04:05:06 +0330] "GET /filter/b36%2Cb41%2Cb42%2Cp2%2Cb900 HTTP/1.1" 200 36458 "-" "Mozilla/5.0 (compatible; bingbot/2.0; +http://www.bing.com/bingbot.htm)" "-"
89.32.98.244 - - [22/Jan/2019:04:05:07 +0330] "GET /m/filter/p40%2Ct74?name=%DA%A9%D9%88%D9%84%D8%B1-%D8%A2%D8%A8%DB%8C&productType=evaporative-air-cooler HTTP/1.1" 200 18214 "-" "Mozilla/5.0 (Linux; Android 5.1.1; SAMSUNG SM-J200H Build/LMY48B) AppleWebKit/537.36 (KHTML, like Gecko) SamsungBrowser/3.5 Chrome/38.0.2125.102 Mobile Safari/537.36" "-"
91.99.72.15 - - [22/Jan/2019:04:05:07 +0330] "GET /product/12868/21384/%DA%AF%D9%88%D8%B4%D9%88%D8%A7%D8%B1%D9%87-%D8%B2%D9%86%D8%A7%D9%86%D9%87-%D8%A7%D9%84%DB%8C%D9%88%D8%B1-%D9%88%D8%A8%D8%B1-%D9%85%D8%AF%D9%84-%DA%A9%D8%B1%DB%8C%D8%B3%D8%AA%D8%A7%D9%84-%D8%B7%D8%B1%D8%AD-%DA%A9%D8%A7%D8%B1%D8%A8%D8%B1-Member-rhod-crystal HTTP/1.1" 200 42777 "-" "Mozilla/5.0 (X11; Linux x86_64) AppleWebKit/537.36 (KHTML, like Gecko) Chrome/53.0.2785.92 Safari/537.36" "-"
89.32.98.244 - - [22/Jan/2019:04:05:08 +0330] "GET /static/css/font/wyekan/font.woff HTTP/1.1" 304 0 "https://www.zanbil.ir/m/filter/p40%2Ct74?name=%DA%A9%D9%88%D9%84%D8%B1-%D8%A2%D8%A8%DB%8C&productType=evaporative-air-cooler" "Mozilla/5.0 (Linux; Android 5.1.1; SAMSUNG SM-J200H Build/LMY48B) AppleWebKit/537.36 (KHTML, like Gecko) SamsungBrowser/3.5 Chrome/38.0.2125.102 Mobile Safari/537.36" "-"
66.249.66.194 - - [22/Jan/2019:04:05:08 +0330] "GET /m/filter/b1,b103,b126,b136,b143,b147,b148,b151,b183,b185,b186,b188,b192,b20,b203,b209,b216,b218,b22,b221,b226,b231,b249,b256,b261,b270,b3,b308,b32,b36,b41,b42,b441,b454,b481,b485,b523,b548,b570,b573,b598,b6,b613,b614,b647,b648,b651,b701,b703,b874,b877,b879,b88,b883,b890,b900,b95,b99,stexists HTTP/1.1" 200 27330 "-" "Mozilla/5.0 (Linux; Android 6.0.1; Nexus 5X Build/MMB29P) AppleWebKit/537.36 (KHTML, like Gecko) Chrome/41.0.2272.96 Mobile Safari/537.36 (compatible; Googlebot/2.1; +http://www.google.com/bot.html)" "-"
207.46.13.136 - - [22/Jan/2019:04:05:08 +0330] "GET /filter/b1,b103,b105,b109,b111,b113,b135,b144,b176,b186,b215,b221,b261,b291,b52,b542,b734,b77,b80,b83 HTTP/1.1" 200 37945 "-" "Mozilla/5.0 (compatible; bingbot/2.0; +http://www.bing.com/bingbot.htm)" "-"
89.32.98.244 - - [22/Jan/2019:04:05:08 +0330] "GET /static/images/guarantees/goodShopping.png HTTP/1.1" 304 0 "https://www.zanbil.ir/m/filter/p40%2Ct74?name=%DA%A9%D9%88%D9%84%D8%B1-%D8%A2%D8%A8%DB%8C&productType=evaporative-air-cooler" "Mozilla/5.0 (Linux; Android 5.1.1; SAMSUNG SM-J200H Build/LMY48B) AppleWebKit/537.36 (KHTML, like Gecko) SamsungBrowser/3.5 Chrome/38.0.2125.102 Mobile Safari/537.36" "-"
89.32.98.244 - - [22/Jan/2019:04:05:08 +0330] "GET /static/images/guarantees/warranty.png HTTP/1.1" 304 0 "https://www.zanbil.ir/m/filter/p40%2Ct74?name=%DA%A9%D9%88%D9%84%D8%B1-%D8%A2%D8%A8%DB%8C&productType=evaporative-air-cooler" "Mozilla/5.0 (Linux; Android 5.1.1; SAMSUNG SM-J200H Build/LMY48B) AppleWebKit/537.36 (KHTML, like Gecko) SamsungBrowser/3.5 Chrome/38.0.2125.102 Mobile Safari/537.36" "-"
89.32.98.244 - - [22/Jan/2019:04:05:08 +0330] "GET /static/images/guarantees/bestPrice.png HTTP/1.1" 304 0 "https://www.zanbil.ir/m/filter/p40%2Ct74?name=%DA%A9%D9%88%D9%84%D8%B1-%D8%A2%D8%A8%DB%8C&productType=evaporative-air-cooler" "Mozilla/5.0 (Linux; Android 5.1.1; SAMSUNG SM-J200H Build/LMY48B) AppleWebKit/537.36 (KHTML, like Gecko) SamsungBrowser/3.5 Chrome/38.0.2125.102 Mobile Safari/537.36" "-"
89.32.98.244 - - [22/Jan/2019:04:05:08 +0330] "GET /static/images/guarantees/support.png HTTP/1.1" 304 0 "https://www.zanbil.ir/m/filter/p40%2Ct74?name=%DA%A9%D9%88%D9%84%D8%B1-%D8%A2%D8%A8%DB%8C&productType=evaporative-air-cooler" "Mozilla/5.0 (Linux; Android 5.1.1; SAMSUNG SM-J200H Build/LMY48B) AppleWebKit/537.36 (KHTML, like Gecko) SamsungBrowser/3.5 Chrome/38.0.2125.102 Mobile Safari/537.36" "-"
89.32.98.244 - - [22/Jan/2019:04:05:08 +0330] "GET /static/images/guarantees/fastDelivery.png HTTP/1.1" 304 0 "https://www.zanbil.ir/m/filter/p40%2Ct74?name=%DA%A9%D9%88%D9%84%D8%B1-%D8%A2%D8%A8%DB%8C&productType=evaporative-air-cooler" "Mozilla/5.0 (Linux; Android 5.1.1; SAMSUNG SM-J200H Build/LMY48B) AppleWebKit/537.36 (KHTML, like Gecko) SamsungBrowser/3.5 Chrome/38.0.2125.102 Mobile Safari/537.36" "-"
5.218.139.61 - - [22/Jan/2019:04:05:09 +0330] "GET /static/images/guarantees/warranty.png HTTP/1.1" 200 5807 "https://www.zanbil.ir/m/product/23755/50166/%D8%A7%D8%AC%D8%A7%D9%82-%DA%AF%D8%A7%D8%B2-%D9%85%D8%A8%D9%84%D9%87-%D9%84%D9%88%D9%81%D8%B1%D8%A7-%D9%85%D8%AF%D9%84-RNMG96G2VGTE-CI530" "Mozilla/5.0 (iPhone; CPU iPhone OS 11_2 like Mac OS X) AppleWebKit/604.4.7 (KHTML, like Gecko) Version/11.0 Mobile/15C114 Safari/604.1" "-"
5.218.139.61 - - [22/Jan/2019:04:05:09 +0330] "GET /settings/logo HTTP/1.1" 200 4120 "https://www.zanbil.ir/m/product/23755/50166/%D8%A7%D8%AC%D8%A7%D9%82-%DA%AF%D8%A7%D8%B2-%D9%85%D8%A8%D9%84%D9%87-%D9%84%D9%88%D9%81%D8%B1%D8%A7-%D9%85%D8%AF%D9%84-RNMG96G2VGTE-CI530" "Mozilla/5.0 (iPhone; CPU iPhone OS 11_2 like Mac OS X) AppleWebKit/604.4.7 (KHTML, like Gecko) Version/11.0 Mobile/15C114 Safari/604.1" "-"
5.218.139.61 - - [22/Jan/2019:04:05:09 +0330] "HEAD /amp_preconnect_polyfill_404_or_other_error_expected._Do_not_worry_about_it?1548117360000 HTTP/1.1" 404 0 "https://www.zanbil.ir/m/product/23755/50166/%D8%A7%D8%AC%D8%A7%D9%82-%DA%AF%D8%A7%D8%B2-%D9%85%D8%A8%D9%84%D9%87-%D9%84%D9%88%D9%81%D8%B1%D8%A7-%D9%85%D8%AF%D9%84-RNMG96G2VGTE-CI530" "Mozilla/5.0 (iPhone; CPU iPhone OS 11_2 like Mac OS X) AppleWebKit/604.4.7 (KHTML, like Gecko) Version/11.0 Mobile/15C114 Safari/604.1" "-"
5.209.151.237 - - [22/Jan/2019:04:05:09 +0330] "GET /amp-helper-frame.html?appId=a624a1c1-0c93-466a-a546-e146710f97e6&parentOrigin=https://www-zanbil-ir.cdn.ampproject.org HTTP/1.1" 200 133 "https://www-zanbil-ir.cdn.ampproject.org/v/s/www.zanbil.ir/m/browse/tensiometre/%D9%81%D8%B4%D8%A7%D8%B1%D8%B3%D9%86%D8%AC?amp_js_v=a2&amp_gsa=1&usqp=mq331AQCCAE%3D" "Mozilla/5.0 (Linux; Android 6.0.1; SM-G610F) AppleWebKit/537.36 (KHTML, like Gecko) Chrome/71.0.3578.99 Mobile Safari/537.36" "-"
5.211.97.39 - - [22/Jan/2019:04:05:10 +0330] "HEAD /amp_preconnect_polyfill_404_or_other_error_expected._Do_not_worry_about_it?1548117540000 HTTP/1.1" 404 0 "https://www.zanbil.ir/m/browse/home-appliances/%D9%84%D9%88%D8%A7%D8%B2%D9%85-%D8%AE%D8%A7%D9%86%DA%AF%DB%8C" "Mozilla/5.0 (iPhone; CPU iPhone OS 10_3_2 like Mac OS X) AppleWebKit/603.2.4 (KHTML, like Gecko) Version/10.0 Mobile/14F89 Safari/602.1" "-"
66.249.66.194 - - [22/Jan/2019:04:05:11 +0330] "GET /filter/b236,b440,b485,stexists HTTP/1.1" 200 37168 "-" "Mozilla/5.0 (compatible; Googlebot/2.1; +http://www.google.com/bot.html)" "-"
66.249.66.91 - - [22/Jan/2019:04:05:12 +0330] "GET /filter?f=b99&o=b HTTP/1.1" 302 0 "-" "Mozilla/5.0 (compatible; Googlebot/2.1; +http://www.google.com/bot.html)" "-"
66.249.66.91 - - [22/Jan/2019:04:05:12 +0330] "GET /filter/b36%2Cb41%2Cb598%2Cb168%2Cb103%2Cb614%2Cb88%2Cb19%2Cb194%2Cb35%2Cb321%2Cb5%2Cb261%2Cb442%2Cb484%2Cb723%2Cb573%2Cb192%2Cb724%2Cb435%2Cb183%2Cb542%2Cb135%2Cb63%2Cb497%2Cb619%2Cb613%2Cb126%2Cb74%2Cb441%2Cb568%2Cb880%2Cb647%2Cb185%2Cb584%2Cb224%2Cb213%2Cb3%2Cb570%2Cb198%2Cb256%2Cb238%2Cb485%2Cb574%2Cb186%2Cb548%2Cstexists%2Cb215%2Cb904%2Cb615%2Cb603%2Cb203%2Cb43%2Cb152%2Cb95%2Cb147%2Cb143%2Cb656%2Cb2%2Cb308%2Cb80%2Cb22%2Cb883%2Cb523%2Cb903?page=89 HTTP/1.1" 200 41972 "-" "Mozilla/5.0 (compatible; Googlebot/2.1; +http://www.google.com/bot.html)" "-"
5.211.97.39 - - [22/Jan/2019:04:05:13 +0330] "GET /m/browse/bedding/%DA%A9%D8%A7%D9%84%D8%A7%DB%8C-%D8%AE%D9%88%D8%A7%D8%A8 HTTP/1.1" 200 16377 "https://www.zanbil.ir/m/browse/home-appliances/%D9%84%D9%88%D8%A7%D8%B2%D9%85-%D8%AE%D8%A7%D9%86%DA%AF%DB%8C" "Mozilla/5.0 (iPhone; CPU iPhone OS 10_3_2 like Mac OS X) AppleWebKit/603.2.4 (KHTML, like Gecko) Version/10.0 Mobile/14F89 Safari/602.1" "-"
5.211.97.39 - - [22/Jan/2019:04:05:13 +0330] "GET /settings/logo HTTP/1.1" 200 4120 "https://www.zanbil.ir/m/browse/bedding/%DA%A9%D8%A7%D9%84%D8%A7%DB%8C-%D8%AE%D9%88%D8%A7%D8%A8" "Mozilla/5.0 (iPhone; CPU iPhone OS 10_3_2 like Mac OS X) AppleWebKit/603.2.4 (KHTML, like Gecko) Version/10.0 Mobile/14F89 Safari/602.1" "-"
5.211.97.39 - - [22/Jan/2019:04:05:13 +0330] "GET /image/12786/productType/240x180 HTTP/1.1" 200 9544 "https://www.zanbil.ir/m/browse/bedding/%DA%A9%D8%A7%D9%84%D8%A7%DB%8C-%D8%AE%D9%88%D8%A7%D8%A8" "Mozilla/5.0 (iPhone; CPU iPhone OS 10_3_2 like Mac OS X) AppleWebKit/603.2.4 (KHTML, like Gecko) Version/10.0 Mobile/14F89 Safari/602.1" "-"
5.211.97.39 - - [22/Jan/2019:04:05:13 +0330] "GET /image/14048/productType/240x180 HTTP/1.1" 200 10093 "https://www.zanbil.ir/m/browse/bedding/%DA%A9%D8%A7%D9%84%D8%A7%DB%8C-%D8%AE%D9%88%D8%A7%D8%A8" "Mozilla/5.0 (iPhone; CPU iPhone OS 10_3_2 like Mac OS X) AppleWebKit/603.2.4 (KHTML, like Gecko) Version/10.0 Mobile/14F89 Safari/602.1" "-"
5.211.97.39 - - [22/Jan/2019:04:05:13 +0330] "HEAD /amp_preconnect_polyfill_404_or_other_error_expected._Do_not_worry_about_it?1548117540000 HTTP/1.1" 404 0 "https://www.zanbil.ir/m/browse/bedding/%DA%A9%D8%A7%D9%84%D8%A7%DB%8C-%D8%AE%D9%88%D8%A7%D8%A8" "Mozilla/5.0 (iPhone; CPU iPhone OS 10_3_2 like Mac OS X) AppleWebKit/603.2.4 (KHTML, like Gecko) Version/10.0 Mobile/14F89 Safari/602.1" "-"
5.211.97.39 - - [22/Jan/2019:04:05:14 +0330] "GET /image/802/mainSlideMobile HTTP/1.1" 200 61206 "https://www.zanbil.ir/m/browse/bedding/%DA%A9%D8%A7%D9%84%D8%A7%DB%8C-%D8%AE%D9%88%D8%A7%D8%A8" "Mozilla/5.0 (iPhone; CPU iPhone OS 10_3_2 like Mac OS X) AppleWebKit/603.2.4 (KHTML, like Gecko) Version/10.0 Mobile/14F89 Safari/602.1" "-"
66.249.66.91 - - [22/Jan/2019:04:05:14 +0330] "GET /filter/b481%2Cb874%2Cb226%2Cb570%2Cb598%2Cstexists%2Cb270%2Cb883%2Cb99%2Cb261%2Cb249%2Cb20%2Cb701%2Cb42%2Cb879%2Cb548%2Cb183%2Cb88%2Cb308%2Cb103%2Cb1%2Cb126%2Cb523%2Cb900%2Cb192%2Cb188%2Cb703%2Cb890%2Cb148%2Cb256%2Cb454%2Cb651%2Cb41%2Cb647%2Cb22%2Cb613%2Cb6%2Cb221%2Cb36%2Cb614%2Cb3%2Cb216%2Cb218%2Cb136%2Cb573%2Cb151%2Cb185%2Cb32%2Cb441%2Cb143%2Cb648%2Cb203%2Cb877%2Cb209%2Cb231%2Cb485%2Cb147%2Cb95%2Cb186?page=9 HTTP/1.1" 200 40571 "-" "Mozilla/5.0 (compatible; Googlebot/2.1; +http://www.google.com/bot.html)" "-"
66.249.66.194 - - [22/Jan/2019:04:05:14 +0330] "GET /m/browse/tensiometre/%D9%81%D8%B4%D8%A7%D8%B1%D8%B3%D9%86%D8%AC HTTP/1.1" 200 19156 "-" "Mozilla/5.0 (Linux; Android 6.0.1; Nexus 5X Build/MMB29P) AppleWebKit/537.36 (KHTML, like Gecko) Chrome/41.0.2272.96 Mobile Safari/537.36 (compatible; Googlebot/2.1; +http://www.google.com/bot.html)" "-"
172.20.2.174 - - [22/Jan/2019:04:05:14 +0330] "GET /site/ping HTTP/1.1" 200 4 "-" "-" "-"
66.249.66.91 - - [22/Jan/2019:04:05:15 +0330] "GET /filter/b481%2Cb874%2Cb226%2Cb570%2Cb598%2Cstexists%2Cb880%2Cb270%2Cb883%2Cb99%2Cb261%2Cb249%2Cb20%2Cb701%2Cb42%2Cb879%2Cb548%2Cb183%2Cb88%2Cb308%2Cb103%2Cb1%2Cb126%2Cb523%2Cb900%2Cb192%2Cb188%2Cb703%2Cb890%2Cb148%2Cb256%2Cb651%2Cb41%2Cb647%2Cb22%2Cb613%2Cb6%2Cb221%2Cb36%2Cb614%2Cb3%2Cb216%2Cb218%2Cb136%2Cb573%2Cb151%2Cb185%2Cb32%2Cb441%2Cb143%2Cb648%2Cb203%2Cb877%2Cb209%2Cb231%2Cb485%2Cb147%2Cb484?page=7 HTTP/1.1" 200 41423 "-" "Mozilla/5.0 (compatible; Googlebot/2.1; +http://www.google.com/bot.html)" "-"
207.46.13.136 - - [22/Jan/2019:04:05:15 +0330] "GET /filter/b1,b103,b105,b109,b111,b126,b135,b148,b203,b219,b46,b568,b574,b67,b95,b99 HTTP/1.1" 200 37464 "-" "Mozilla/5.0 (compatible; bingbot/2.0; +http://www.bing.com/bingbot.htm)" "-"
66.249.66.91 - - [22/Jan/2019:04:05:15 +0330] "GET /image/63329/productModel/100x100 HTTP/1.1" 200 1267 "-" "Googlebot-Image/1.0" "-"
66.249.66.194 - - [22/Jan/2019:04:05:16 +0330] "GET /m/browse/tv/%D8%AA%D9%84%D9%88%DB%8C%D8%B2%DB%8C%D9%88%D9%86 HTTP/1.1" 200 19359 "-" "Mozilla/5.0 (Linux; Android 6.0.1; Nexus 5X Build/MMB29P) AppleWebKit/537.36 (KHTML, like Gecko) Chrome/41.0.2272.96 Mobile Safari/537.36 (compatible; Googlebot/2.1; +http://www.google.com/bot.html)" "-"
157.55.39.175 - - [22/Jan/2019:04:05:16 +0330] "GET /image/18633?name=so.jpg&wh=200x200 HTTP/1.1" 200 6107 "-" "Mozilla/5.0 (compatible; bingbot/2.0; +http://www.bing.com/bingbot.htm)" "-"
207.46.13.136 - - [22/Jan/2019:04:05:16 +0330] "GET /filter/b1,b103,b105,b109,b111,b113,b126,b135,b144,b176,b186,b192,b221,b226,b261,b291,b441,b52,b542,b77,b83 HTTP/1.1" 200 37902 "-" "Mozilla/5.0 (compatible; bingbot/2.0; +http://www.bing.com/bingbot.htm)" "-"
66.249.66.194 - - [22/Jan/2019:04:05:17 +0330] "GET /m/filter?f=b231,b3,t31 HTTP/1.1" 302 0 "-" "Mozilla/5.0 (compatible; Googlebot/2.1; +http://www.google.com/bot.html)" "-"
66.249.66.91 - - [22/Jan/2019:04:05:17 +0330] "GET /filter/b703%2Cb36%2Cb41%2Cb598%2Cb168%2Cb103%2Cb614%2Cb88%2Cb19%2Cb194%2Cb321%2Cb5%2Cb261%2Cb442%2Cb484%2Cb723%2Cb573%2Cb192%2Cb724%2Cb1%2Cb435%2Cb183%2Cb542%2Cb135%2Cb878%2Cb63%2Cb497%2Cb619%2Cb219%2Cb126%2Cb74%2Cb151%2Cb441%2Cb568%2Cb880%2Cb647%2Cb185%2Cb224%2Cb213%2Cb50%2Cb3%2Cb231%2Cb99%2Cb238%2Cb82%2Cb215%2Cb95%2Cb218?page=14 HTTP/1.1" 200 41157 "-" "Mozilla/5.0 (compatible; Googlebot/2.1; +http://www.google.com/bot.html)" "-"
66.249.66.194 - - [22/Jan/2019:04:05:18 +0330] "GET /m/filter/b2,p5 HTTP/1.1" 200 18744 "-" "Mozilla/5.0 (Linux; Android 6.0.1; Nexus 5X Build/MMB29P) AppleWebKit/537.36 (KHTML, like Gecko) Chrome/41.0.2272.96 Mobile Safari/537.36 (compatible; Googlebot/2.1; +http://www.google.com/bot.html)" "-"
66.249.66.194 - - [22/Jan/2019:04:05:18 +0330] "GET /filter/b231%2Cb3%2Ct31 HTTP/1.1" 200 32410 "-" "Mozilla/5.0 (compatible; Googlebot/2.1; +http://www.google.com/bot.html)" "-"
207.46.13.136 - - [22/Jan/2019:04:05:19 +0330] "GET /filter/b1%2Cb201%2Cb278%2Cb36%2Cb724 HTTP/1.1" 200 37890 "-" "Mozilla/5.0 (compatible; bingbot/2.0; +http://www.bing.com/bingbot.htm)" "-"
66.249.66.194 - - [22/Jan/2019:04:05:19 +0330] "GET /m/filter/b1,b135,b136,b148,b151,b168,b183,b194,b198,b20,b202,b212,b213,b219,b226,b238,b256,b3,b32,b35,b36,b400,b41,b43,b435,b441,b481,b482,b485,b497,b5,b542,b546,b570,b573,b597,b613,b615,b647,b648,b656,b67,b679,b723,b724,b8,b80,b854,b861,b874,b877,b879 HTTP/1.1" 200 26834 "-" "Mozilla/5.0 (Linux; Android 6.0.1; Nexus 5X Build/MMB29P) AppleWebKit/537.36 (KHTML, like Gecko) Chrome/41.0.2272.96 Mobile Safari/537.36 (compatible; Googlebot/2.1; +http://www.google.com/bot.html)" "-"
5.211.97.39 - - [22/Jan/2019:04:05:20 +0330] "HEAD /amp_preconnect_polyfill_404_or_other_error_expected._Do_not_worry_about_it?1548117540000 HTTP/1.1" 404 0 "https://www.zanbil.ir/m/browse/home-appliances/%D9%84%D9%88%D8%A7%D8%B2%D9%85-%D8%AE%D8%A7%D9%86%DA%AF%DB%8C" "Mozilla/5.0 (iPhone; CPU iPhone OS 10_3_2 like Mac OS X) AppleWebKit/603.2.4 (KHTML, like Gecko) Version/10.0 Mobile/14F89 Safari/602.1" "-"
5.208.165.4 - - [22/Jan/2019:04:05:20 +0330] "GET /amp-helper-frame.html?appId=a624a1c1-0c93-466a-a546-e146710f97e6&parentOrigin=https://www-zanbil-ir.cdn.ampproject.org HTTP/1.1" 200 133 "https://www-zanbil-ir.cdn.ampproject.org/v/s/www.zanbil.ir/m/filter/b2,p7?amp_js_v=0.1&usqp=mq331AQECAEoAQ%3D%3D" "Mozilla/5.0 (Linux; Android 6.0.1; SAMSUNG SM-J710GN Build/MMB29K) AppleWebKit/537.36 (KHTML, like Gecko) SamsungBrowser/4.0 Chrome/44.0.2403.133 Mobile Safari/537.36" "-"
66.249.66.194 - - [22/Jan/2019:04:05:20 +0330] "GET /product/278?model=14296 HTTP/1.1" 200 47560 "-" "Mozilla/5.0 (compatible; Googlebot/2.1; +http://www.google.com/bot.html)" "-"
54.36.148.114 - - [22/Jan/2019:04:05:21 +0330] "GET /filter/5277|20000-23000,5277|8599 HTTP/1.1" 499 0 "-" "Mozilla/5.0 (compatible; AhrefsBot/6.1; +http://ahrefs.com/robot/)" "-"
89.32.98.244 - - [22/Jan/2019:04:05:21 +0330] "GET /settings/logo HTTP/1.1" 200 4120 "https://www.zanbil.ir/m/filter/p40%2Ct74?name=%DA%A9%D9%88%D9%84%D8%B1-%D8%A2%D8%A8%DB%8C&productType=evaporative-air-cooler" "Mozilla/5.0 (Linux; Android 5.1.1; SAMSUNG SM-J200H Build/LMY48B) AppleWebKit/537.36 (KHTML, like Gecko) SamsungBrowser/3.5 Chrome/38.0.2125.102 Mobile Safari/537.36" "-"
89.32.98.244 - - [22/Jan/2019:04:05:21 +0330] "GET /image/63287/productModel/200x200 HTTP/1.1" 200 4635 "https://www.zanbil.ir/m/filter/p40%2Ct74?name=%DA%A9%D9%88%D9%84%D8%B1-%D8%A2%D8%A8%DB%8C&productType=evaporative-air-cooler" "Mozilla/5.0 (Linux; Android 5.1.1; SAMSUNG SM-J200H Build/LMY48B) AppleWebKit/537.36 (KHTML, like Gecko) SamsungBrowser/3.5 Chrome/38.0.2125.102 Mobile Safari/537.36" "-"
89.32.98.244 - - [22/Jan/2019:04:05:21 +0330] "GET /image/30833/productModel/200x200 HTTP/1.1" 200 4883 "https://www.zanbil.ir/m/filter/p40%2Ct74?name=%DA%A9%D9%88%D9%84%D8%B1-%D8%A2%D8%A8%DB%8C&productType=evaporative-air-cooler" "Mozilla/5.0 (Linux; Android 5.1.1; SAMSUNG SM-J200H Build/LMY48B) AppleWebKit/537.36 (KHTML, like Gecko) SamsungBrowser/3.5 Chrome/38.0.2125.102 Mobile Safari/537.36" "-"
66.249.66.194 - - [22/Jan/2019:04:05:22 +0330] "GET /filter/b1,b134,b149,b154,b169,b176,b183,b186,b50,b82,b97,p5666 HTTP/1.1" 302 0 "-" "Mozilla/5.0 (Linux; Android 6.0.1; Nexus 5X Build/MMB29P) AppleWebKit/537.36 (KHTML, like Gecko) Chrome/41.0.2272.96 Mobile Safari/537.36 (compatible; Googlebot/2.1; +http://www.google.com/bot.html)" "-"
17.58.102.43 - - [22/Jan/2019:04:05:22 +0330] "GET /filter/b571%2Cb288%2Cb70%2Cb87%2Cb418%2Cb337%2Cb214%2Cb6%2Cb576%2Cb63%2Cb309%2Cb441%2Cb147%2Cb431%2Cb105 HTTP/1.1" 200 37199 "-" "Mozilla/5.0 (Macintosh; Intel Mac OS X 10_10_1) AppleWebKit/600.2.5 (KHTML, like Gecko) Version/8.0.2 Safari/600.2.5 (Applebot/0.1; +http://www.apple.com/go/applebot)" "-"
34.247.132.53 - - [22/Jan/2019:04:05:22 +0330] "GET / HTTP/1.1" 200 30697 "-" "Mozilla/5.0 (Windows NT 10.0; Win64; x64) AppleWebKit/537.36 (KHTML, like Gecko) Chrome/63.0.3239.84 Safari/537.36" "-"
